Component: Arm Compiler for Embedded 6.24 Tool: armlink [5f371500]

==============================================================================

Section Cross References

    startup_stm32g431xx.o(STACK) refers (Special) to heapauxi.o(.text) for __use_two_region_memory
    startup_stm32g431xx.o(HEAP) refers (Special) to heapauxi.o(.text) for __use_two_region_memory
    startup_stm32g431xx.o(RESET) refers (Special) to heapauxi.o(.text) for __use_two_region_memory
    startup_stm32g431xx.o(RESET) refers to startup_stm32g431xx.o(STACK) for __initial_sp
    startup_stm32g431xx.o(RESET) refers to startup_stm32g431xx.o(.text) for Reset_Handler
    startup_stm32g431xx.o(RESET) refers to stm32g4xx_it.o(.text.NMI_Handler) for NMI_Handler
    startup_stm32g431xx.o(RESET) refers to stm32g4xx_it.o(.text.HardFault_Handler) for HardFault_Handler
    startup_stm32g431xx.o(RESET) refers to stm32g4xx_it.o(.text.MemManage_Handler) for MemManage_Handler
    startup_stm32g431xx.o(RESET) refers to stm32g4xx_it.o(.text.BusFault_Handler) for BusFault_Handler
    startup_stm32g431xx.o(RESET) refers to stm32g4xx_it.o(.text.UsageFault_Handler) for UsageFault_Handler
    startup_stm32g431xx.o(RESET) refers to stm32g4xx_it.o(.text.SVC_Handler) for SVC_Handler
    startup_stm32g431xx.o(RESET) refers to stm32g4xx_it.o(.text.DebugMon_Handler) for DebugMon_Handler
    startup_stm32g431xx.o(RESET) refers to stm32g4xx_it.o(.text.PendSV_Handler) for PendSV_Handler
    startup_stm32g431xx.o(RESET) refers to stm32g4xx_it.o(.text.SysTick_Handler) for SysTick_Handler
    startup_stm32g431xx.o(RESET) refers to stm32g4xx_it.o(.text.ADC1_2_IRQHandler) for ADC1_2_IRQHandler
    startup_stm32g431xx.o(RESET) refers to stm32g4xx_it.o(.text.TIM1_BRK_TIM15_IRQHandler) for TIM1_BRK_TIM15_IRQHandler
    startup_stm32g431xx.o(RESET) refers to stm32g4xx_it.o(.text.TIM1_TRG_COM_TIM17_IRQHandler) for TIM1_TRG_COM_TIM17_IRQHandler
    startup_stm32g431xx.o(RESET) refers to stm32g4xx_it.o(.text.TIM2_IRQHandler) for TIM2_IRQHandler
    startup_stm32g431xx.o(RESET) refers to stm32g4xx_it.o(.text.TIM3_IRQHandler) for TIM3_IRQHandler
    startup_stm32g431xx.o(RESET) refers to stm32g4xx_it.o(.text.TIM4_IRQHandler) for TIM4_IRQHandler
    startup_stm32g431xx.o(.text) refers (Special) to heapauxi.o(.text) for __use_two_region_memory
    startup_stm32g431xx.o(.text) refers to system_stm32g4xx.o(.text.SystemInit) for SystemInit
    startup_stm32g431xx.o(.text) refers to __main.o(!!!main) for __main
    startup_stm32g431xx.o(.text) refers to startup_stm32g431xx.o(HEAP) for Heap_Mem
    startup_stm32g431xx.o(.text) refers to startup_stm32g431xx.o(STACK) for Stack_Mem
    main.o(.text.main) refers to stm32g4xx_hal.o(.text.HAL_Init) for HAL_Init
    main.o(.text.main) refers to stm32g4xx_hal_pwr_ex.o(.text.HAL_PWREx_ControlVoltageScaling) for HAL_PWREx_ControlVoltageScaling
    main.o(.text.main) refers to stm32g4xx_hal_rcc.o(.text.HAL_RCC_OscConfig) for HAL_RCC_OscConfig
    main.o(.text.main) refers to stm32g4xx_hal_rcc.o(.text.HAL_RCC_ClockConfig) for HAL_RCC_ClockConfig
    main.o(.text.main) refers to gpio.o(.text.MX_GPIO_Init) for MX_GPIO_Init
    main.o(.text.main) refers to adc.o(.text.MX_ADC1_Init) for MX_ADC1_Init
    main.o(.text.main) refers to adc.o(.text.MX_ADC2_Init) for MX_ADC2_Init
    main.o(.text.main) refers to tim.o(.text.MX_TIM2_Init) for MX_TIM2_Init
    main.o(.text.main) refers to tim.o(.text.MX_TIM15_Init) for MX_TIM15_Init
    main.o(.text.main) refers to tim.o(.text.MX_TIM17_Init) for MX_TIM17_Init
    main.o(.text.main) refers to tim.o(.text.MX_TIM3_Init) for MX_TIM3_Init
    main.o(.text.main) refers to tim.o(.text.MX_TIM4_Init) for MX_TIM4_Init
    main.o(.text.main) refers to stm32g4xx_hal_gpio.o(.text.HAL_GPIO_WritePin) for HAL_GPIO_WritePin
    main.o(.text.main) refers to lcd.o(.text.LCD_Init) for LCD_Init
    main.o(.text.main) refers to lcd.o(.text.LCD_Clear) for LCD_Clear
    main.o(.text.main) refers to lcd.o(.text.LCD_SetBackColor) for LCD_SetBackColor
    main.o(.text.main) refers to lcd.o(.text.LCD_SetTextColor) for LCD_SetTextColor
    main.o(.text.main) refers to tim.o(.bss.htim2) for htim2
    main.o(.text.main) refers to stm32g4xx_hal_tim.o(.text.HAL_TIM_PWM_Start) for HAL_TIM_PWM_Start
    main.o(.text.main) refers to tim.o(.bss.htim17) for htim17
    main.o(.text.main) refers to stm32g4xx_hal_tim.o(.text.HAL_TIM_IC_Start) for HAL_TIM_IC_Start
    main.o(.text.main) refers to stm32g4xx_hal_tim.o(.text.HAL_TIM_IC_Start_IT) for HAL_TIM_IC_Start_IT
    main.o(.text.main) refers to tim.o(.bss.htim3) for htim3
    main.o(.text.main) refers to stm32g4xx_hal_tim.o(.text.HAL_TIM_Base_Start_IT) for HAL_TIM_Base_Start_IT
    main.o(.text.main) refers to tim.o(.bss.htim4) for htim4
    main.o(.text.main) refers to fun.o(.text.led_show) for led_show
    main.o(.text.main) refers to fun.o(.text.lcd_show) for lcd_show
    main.o(.text.main) refers to fun.o(.text.key) for key
    main.o(.text.main) refers to fun.o(.text.ma) for ma
[...]
    [Anonymous Symbol]                       0x080048c8   Section        0  tim.o(.text.MX_TIM15_Init)
    [Anonymous Symbol]                       0x08004a04   Section        0  tim.o(.text.MX_TIM17_Init)
    [Anonymous Symbol]                       0x08004a74   Section        0  tim.o(.text.MX_TIM2_Init)
    [Anonymous Symbol]                       0x08004bb8   Section        0  tim.o(.text.MX_TIM3_Init)
    [Anonymous Symbol]                       0x08004c34   Section        0  tim.o(.text.MX_TIM4_Init)
    [Anonymous Symbol]                       0x08004cb0   Section        0  stm32g4xx_it.o(.text.MemManage_Handler)
    [Anonymous Symbol]                       0x08004cb4   Section        0  stm32g4xx_it.o(.text.NMI_Handler)
    [Anonymous Symbol]                       0x08004cb8   Section        0  stm32g4xx_it.o(.text.PendSV_Handler)
    [Anonymous Symbol]                       0x08004cbc   Section        0  lcd.o(.text.REG_8230_Init)
    [Anonymous Symbol]                       0x080057a4   Section        0  lcd.o(.text.REG_932X_Init)
    [Anonymous Symbol]                       0x08006cc4   Section        0  stm32g4xx_it.o(.text.SVC_Handler)
    [Anonymous Symbol]                       0x08006cc8   Section        0  stm32g4xx_it.o(.text.SysTick_Handler)
    [Anonymous Symbol]                       0x08006ccc   Section        0  system_stm32g4xx.o(.text.SystemInit)
    [Anonymous Symbol]                       0x08006ce0   Section        0  stm32g4xx_it.o(.text.TIM1_BRK_TIM15_IRQHandler)
    [Anonymous Symbol]                       0x08006cec   Section        0  stm32g4xx_it.o(.text.TIM1_TRG_COM_TIM17_IRQHandler)
    [Anonymous Symbol]                       0x08006cf8   Section        0  stm32g4xx_it.o(.text.TIM2_IRQHandler)
    [Anonymous Symbol]                       0x08006d04   Section        0  stm32g4xx_it.o(.text.TIM3_IRQHandler)
    [Anonymous Symbol]                       0x08006d10   Section        0  stm32g4xx_it.o(.text.TIM4_IRQHandler)
    [Anonymous Symbol]                       0x08006d1c   Section        0  stm32g4xx_hal_tim.o(.text.TIM_Base_SetConfig)
    [Anonymous Symbol]                       0x08006e50   Section        0  stm32g4xx_it.o(.text.UsageFault_Handler)
    [Anonymous Symbol]                       0x08006e54   Section        0  fun.o(.text.key)
    [Anonymous Symbol]                       0x08006ffc   Section        0  fun.o(.text.key_scan)
    [Anonymous Symbol]                       0x08007084   Section        0  fun.o(.text.lcd_show)
    [Anonymous Symbol]                       0x0800758c   Section        0  fun.o(.text.led_show)
    [Anonymous Symbol]                       0x080075d0   Section        0  fun.o(.text.ma)
    [Anonymous Symbol]                       0x08007a68   Section        0  main.o(.text.main)
    CL$$btod_d2e                             0x08007b92   Section       62  btod.o(CL$$btod_d2e)
    CL$$btod_d2e_denorm_low                  0x08007bd0   Section       70  btod.o(CL$$btod_d2e_denorm_low)
    CL$$btod_d2e_norm_op1                    0x08007c16   Section       96  btod.o(CL$$btod_d2e_norm_op1)
    CL$$btod_div_common                      0x08007c78   Section      824  btod.o(CL$$btod_div_common)
    CL$$btod_e2e                             0x08007fb0   Section      220  btod.o(CL$$btod_e2e)
    CL$$btod_ediv                            0x0800808c   Section       42  btod.o(CL$$btod_ediv)
    CL$$btod_emul                            0x080080b6   Section       42  btod.o(CL$$btod_emul)
    CL$$btod_mult_common                     0x080080e0   Section      580  btod.o(CL$$btod_mult_common)
    i.__ARM_fpclassify                       0x08008324   Section        0  fpclassify.o(i.__ARM_fpclassify)
    i._is_digit                              0x08008354   Section        0  __printf_wp.o(i._is_digit)
    locale$$code                             0x08008364   Section       44  lc_numeric_c.o(locale$$code)
    $v0                                      0x08008390   Number         0  daddsub_clz.o(x$fpl$dadd)
    x$fpl$dadd                               0x08008390   Section      336  daddsub_clz.o(x$fpl$dadd)
    _dadd1                                   0x080083a1   Thumb Code     0  daddsub_clz.o(x$fpl$dadd)
    $v0                                      0x080084e0   Number         0  dcmpi.o(x$fpl$dcmpinf)
    x$fpl$dcmpinf                            0x080084e0   Section       24  dcmpi.o(x$fpl$dcmpinf)
    $v0                                      0x080084f8   Number         0  ddiv.o(x$fpl$ddiv)
    x$fpl$ddiv                               0x080084f8   Section      696  ddiv.o(x$fpl$ddiv)
    ddiv_entry                               0x080084ff   Thumb Code     0  ddiv.o(x$fpl$ddiv)
    $v0                                      0x080087b0   Number         0  deqf.o(x$fpl$deqf)
    x$fpl$deqf                               0x080087b0   Section      120  deqf.o(x$fpl$deqf)
    $v0                                      0x08008828   Number         0  dfixu.o(x$fpl$dfixu)
    x$fpl$dfixu                              0x08008828   Section       90  dfixu.o(x$fpl$dfixu)
    $v0                                      0x08008882   Number         0  dflt_clz.o(x$fpl$dfltu)
    x$fpl$dfltu                              0x08008882   Section       38  dflt_clz.o(x$fpl$dfltu)
    $v0                                      0x080088a8   Number         0  dgeqf.o(x$fpl$dgeqf)
    x$fpl$dgeqf                              0x080088a8   Section      120  dgeqf.o(x$fpl$dgeqf)
    $v0                                      0x08008920   Number         0  dleqf.o(x$fpl$dleqf)
    x$fpl$dleqf                              0x08008920   Section      120  dleqf.o(x$fpl$dleqf)
    $v0                                      0x08008998   Number         0  dmul.o(x$fpl$dmul)
    x$fpl$dmul                               0x08008998   Section      340  dmul.o(x$fpl$dmul)
    $v0                                      0x08008aec   Number         0  dnaninf.o(x$fpl$dnaninf)
    x$fpl$dnaninf                            0x08008aec   Section      156  dnaninf.o(x$fpl$dnaninf)
    $v0                                      0x08008b88   Number         0  dretinf.o(x$fpl$dretinf)
    x$fpl$dretinf                            0x08008b88   Section       12  dretinf.o(x$fpl$dretinf)
    $v0                                      0x08008b94   Number         0  daddsub_clz.o(x$fpl$dsub)
    x$fpl$dsub                               0x08008b94   Section      476  daddsub_clz.o(x$fpl$dsub)
    _dsub1                                   0x08008ba5   Thumb Code     0  daddsub_clz.o(x$fpl$dsub)
    $v0                                      0x08008d70   Number         0  dcmp.o(x$fpl$fcmp)
    x$fpl$fcmp                               0x08008d70   Section       84  dcmp.o(x$fpl$fcmp)
    $v0                                      0x08008dc4   Number         0  fpinit.o(x$fpl$fpinit)
    x$fpl$fpinit                             0x08008dc4   Section       26  fpinit.o(x$fpl$fpinit)
    $v0                                      0x08008dde   Number         0  printf1.o(x$fpl$printf1)
    x$fpl$printf1                            0x08008dde   Section        4  printf1.o(x$fpl$printf1)
    maptable                                 0x08008de2   Data          17  __printf_flags_ss_wp.o(.constdata)
    .constdata                               0x08008de2   Section       17  __printf_flags_ss_wp.o(.constdata)
    x$fpl$usenofp                            0x08008de2   Section        0  usenofp.o(x$fpl$usenofp)
    tenpwrs_x                                0x08008df4   Data          60  bigflt0.o(.constdata)
    .constdata                               0x08008df4   Section      148  bigflt0.o(.constdata)
    tenpwrs_i                                0x08008e30   Data          64  bigflt0.o(.constdata)
    .Lswitch.table.HAL_TIM_IC_Start_IT       0x0800a068   Data          16  stm32g4xx_hal_tim.o(.rodata.cst16)
    .Lswitch.table.HAL_TIM_IC_Stop_IT        0x0800a078   Data          16  stm32g4xx_hal_tim.o(.rodata.cst16)
    .Lswitch.table.HAL_TIM_IC_Stop_DMA       0x0800a088   Data          16  stm32g4xx_hal_tim.o(.rodata.cst16)
    .L.str.4                                 0x0800a098   Data          21  fun.o(.rodata.str1.1)
    [Anonymous Symbol]                       0x0800a098   Section        0  fun.o(.rodata.str1.1)
    .L.str.13                                0x0800a0ad   Data          21  fun.o(.rodata.str1.1)
    .L.str.12                                0x0800a0c2   Data          18  fun.o(.rodata.str1.1)
    .L.str.6                                 0x0800a0d4   Data          26  fun.o(.rodata.str1.1)
    .L.str.3                                 0x0800a0ee   Data          18  fun.o(.rodata.str1.1)
    .L.str.15                                0x0800a100   Data          18  fun.o(.rodata.str1.1)
    .L.str.14                                0x0800a112   Data          18  fun.o(.rodata.str1.1)
    .L.str.2                                 0x0800a124   Data          21  fun.o(.rodata.str1.4)
    [Anonymous Symbol]                       0x0800a124   Section        0  fun.o(.rodata.str1.4)
    .L.str.11                                0x0800a13c   Data          21  fun.o(.rodata.str1.4)
    locale$$data                             0x0800a174   Section       28  lc_numeric_c.o(locale$$data)
    __lcnum_c_name                           0x0800a178   Data           2  lc_numeric_c.o(locale$$data)
    __lcnum_c_start                          0x0800a180   Data           0  lc_numeric_c.o(locale$$data)
    __lcnum_c_point                          0x0800a18c   Data           0  lc_numeric_c.o(locale$$data)
    __lcnum_c_thousands                      0x0800a18e   Data           0  lc_numeric_c.o(locale$$data)
    __lcnum_c_grouping                       0x0800a18f   Data           0  lc_numeric_c.o(locale$$data)
    __lcnum_c_end                            0x0800a190   Data           0  lc_numeric_c.o(locale$$data)
    .L_MergedGlobals                         0x20000000   Data           8  stm32g4xx_hal.o(.data..L_MergedGlobals)
    [Anonymous Symbol]                       0x20000000   Section        0  stm32g4xx_hal.o(.data..L_MergedGlobals)
    .L_MergedGlobals                         0x20000008   Data          16  fun.o(.data..L_MergedGlobals)
    [Anonymous Symbol]                       0x20000008   Section        0  fun.o(.data..L_MergedGlobals)
    BackColor                                0x20000018   Data           2  lcd.o(.data.BackColor)
    [Anonymous Symbol]                       0x20000018   Section        0  lcd.o(.data.BackColor)
    .bss                                     0x20000020   Section       96  libspace.o(.bss)
    .L_MergedGlobals.16                      0x20000080   Data         120  fun.o(.bss..L_MergedGlobals.16)
    [Anonymous Symbol]                       0x20000080   Section        0  fun.o(.bss..L_MergedGlobals.16)
    .L_MergedGlobals.17                      0x200000f8   Data          29  fun.o(.bss..L_MergedGlobals.17)
    [Anonymous Symbol]                       0x200000f8   Section        0  fun.o(.bss..L_MergedGlobals.17)
    HAL_RCC_ADC12_CLK_ENABLED                0x20000118   Data           4  adc.o(.bss.HAL_RCC_ADC12_CLK_ENABLED)
    [Anonymous Symbol]                       0x20000118   Section        0  adc.o(.bss.HAL_RCC_ADC12_CLK_ENABLED)
    TextColor                                0x2000011c   Data           2  lcd.o(.bss.TextColor)
    [Anonymous Symbol]                       0x2000011c   Section        0  lcd.o(.bss.TextColor)
    Heap_Mem                                 0x20000378   Data         512  startup_stm32g431xx.o(HEAP)
    HEAP                                     0x20000378   Section      512  startup_stm32g431xx.o(HEAP)
    Stack_Mem                                0x20000578   Data        1024  startup_stm32g431xx.o(STACK)
    STACK                                    0x20000578   Section     1024  startup_stm32g431xx.o(STACK)
    __initial_sp                             0x20000978   Data           0  startup_stm32g431xx.o(STACK)

    Global Symbols

    Symbol Name                              Value     Ov Type        Size  Object(Section)

    BuildAttributes$$THM_ISAv4$E$P$D$K$B$S$7EM$VFPi3$EXTD16$VFPS$VFMA$PE$A:L22UL41UL21$X:L11$S22US41US21$IEEE1$IW$~IW$USESV6$~STKCKD$USESV7$~SHL$OTIME$ROPI$IEEEJ$EBA8$UX$STANDARDLIB$REQ8$PRES8$EABIv2 0x00000000   Number         0  anon$$obj.o ABSOLUTE
    _printf_flags                            0x00000000   Number         0  printf_stubs.o ABSOLUTE
    _printf_return_value                     0x00000000   Number         0  printf_stubs.o ABSOLUTE
    _printf_sizespec                         0x00000000   Number         0  printf_stubs.o ABSOLUTE
    _printf_widthprec                        0x00000000   Number         0  printf_stubs.o ABSOLUTE
    __ARM_exceptions_init                     - Undefined Weak Reference
    __alloca_initialize                       - Undefined Weak Reference
    __arm_preinit_                            - Undefined Weak Reference
    __arm_relocate_pie_                       - Undefined Weak Reference
    __cpp_initialize__aeabi_                  - Undefined Weak Reference
    __cxa_finalize                            - Undefined Weak Reference
    __sigvec_lookup                           - Undefined Weak Reference
    _atexit_init                              - Undefined Weak Reference
    _call_atexit_fns                          - Undefined Weak Reference
    _clock_init                               - Undefined Weak Reference
    _fp_trap_init                             - Undefined Weak Reference
    _fp_trap_shutdown                         - Undefined Weak Reference
    _get_lc_collate                           - Undefined Weak Reference
    _get_lc_ctype                             - Undefined Weak Reference
    _get_lc_monetary                          - Undefined Weak Reference
    _get_lc_time                              - Undefined Weak Reference
    _getenv_init                              - Undefined Weak Reference
    _handle_redirection                       - Undefined Weak Reference
    _init_alloc                               - Undefined Weak Reference
    _init_user_alloc                          - Undefined Weak Reference
    _initio                                   - Undefined Weak Reference
    _printf_truncate_signed                   - Undefined Weak Reference
    _printf_truncate_unsigned                 - Undefined Weak Reference
    _rand_init                                - Undefined Weak Reference
    _signal_finish                            - Undefined Weak Reference
    _signal_init                              - Undefined Weak Reference
    _terminate_alloc                          - Undefined Weak Reference
    _terminate_user_alloc                     - Undefined Weak Reference
    _terminateio                              - Undefined Weak Reference
    __Vectors_Size                           0x000001d8   Number         0  startup_stm32g431xx.o ABSOLUTE
    __Vectors                                0x08000000   Data           4  startup_stm32g431xx.o(RESET)
    __Vectors_End                            0x080001d8   Data           0  startup_stm32g431xx.o(RESET)
    __main                                   0x080001d9   Thumb Code     8  __main.o(!!!main)
    __scatterload                            0x080001e1   Thumb Code     0  __scatter.o(!!!scatter)
    __scatterload_rt2                        0x080001e1   Thumb Code    84  __scatter.o(!!!scatter)
    __scatterload_rt2_thumb_only             0x080001e1   Thumb Code     0  __scatter.o(!!!scatter)
    __scatterload_loop                       0x080001eb   Thumb Code     0  __scatter.o(!!!scatter)
    __scatterload_copy                       0x0800023d   Thumb Code    26  __scatter_copy.o(!!handler_copy)
    __scatterload_null                       0x08000259   Thumb Code     2  __scatter.o(!!handler_null)
    __scatterload_zeroinit                   0x0800025d   Thumb Code    28  __scatter_zi.o(!!handler_zi)
    _printf_f                                0x08000279   Thumb Code     0  _printf_f.o(.ARM.Collect$$_printf_percent$$00000003)
    _printf_percent                          0x08000279   Thumb Code     0  _printf_percent.o(.ARM.Collect$$_printf_percent$$00000000)
    _printf_d                                0x0800027f   Thumb Code     0  _printf_d.o(.ARM.Collect$$_printf_percent$$00000009)
    _printf_percent_end                      0x08000285   Thumb Code     0  _printf_percent_end.o(.ARM.Collect$$_printf_percent$$00000017)
    __rt_lib_init                            0x08000289   Thumb Code     0  libinit.o(.ARM.Collect$$libinit$$00000000)
    __rt_lib_init_fp_1                       0x0800028b   Thumb Code     0  libinit2.o(.ARM.Collect$$libinit$$00000001)
    __rt_lib_init_heap_1                     0x0800028f   Thumb Code     0  libinit2.o(.ARM.Collect$$libinit$$0000000C)
    __rt_lib_init_lc_common                  0x0800028f   Thumb Code     0  libinit2.o(.ARM.Collect$$libinit$$00000011)
    __rt_lib_init_preinit_1                  0x0800028f   Thumb Code     0  libinit2.o(.ARM.Collect$$libinit$$00000006)
    __rt_lib_init_rand_1                     0x0800028f   Thumb Code     0  libinit2.o(.ARM.Collect$$libinit$$00000010)
    __rt_lib_init_relocate_pie_1             0x0800028f   Thumb Code     0  libinit2.o(.ARM.Collect$$libinit$$00000004)
    __rt_lib_init_user_alloc_1               0x0800028f   Thumb Code     0  libinit2.o(.ARM.Collect$$libinit$$0000000E)
    __rt_lib_init_lc_collate_1               0x08000295   Thumb Code     0  libinit2.o(.ARM.Collect$$libinit$$00000013)
    __rt_lib_init_lc_ctype_1                 0x08000295   Thumb Code     0  libinit2.o(.ARM.Collect$$libinit$$00000015)
    __rt_lib_init_lc_monetary_1              0x08000295   Thumb Code     0  libinit2.o(.ARM.Collect$$libinit$$00000017)
    __rt_lib_init_lc_numeric_2               0x08000295   Thumb Code     0  libinit2.o(.ARM.Collect$$libinit$$00000018)
    __rt_lib_init_alloca_1                   0x0800029f   Thumb Code     0  libinit2.o(.ARM.Collect$$libinit$$00000030)
    __rt_lib_init_argv_1                     0x0800029f   Thumb Code     0  libinit2.o(.ARM.Collect$$libinit$$0000002E)
    __rt_lib_init_atexit_1                   0x0800029f   Thumb Code     0  libinit2.o(.ARM.Collect$$libinit$$0000001D)
    __rt_lib_init_clock_1                    0x0800029f   Thumb Code     0  libinit2.o(.ARM.Collect$$libinit$$00000023)
    __rt_lib_init_cpp_1                      0x0800029f   Thumb Code     0  libinit2.o(.ARM.Collect$$libinit$$00000034)
    __rt_lib_init_exceptions_1               0x0800029f   Thumb Code     0  libinit2.o(.ARM.Collect$$libinit$$00000032)
    __rt_lib_init_fp_trap_1                  0x0800029f   Thumb Code     0  libinit2.o(.ARM.Collect$$libinit$$00000021)
    __rt_lib_init_getenv_1                   0x0800029f   Thumb Code     0  libinit2.o(.ARM.Collect$$libinit$$00000025)
    __rt_lib_init_lc_numeric_1               0x0800029f   Thumb Code     0  libinit2.o(.ARM.Collect$$libinit$$00000019)
    __rt_lib_init_lc_time_1                  0x0800029f   Thumb Code     0  libinit2.o(.ARM.Collect$$libinit$$0000001B)
    __rt_lib_init_return                     0x0800029f   Thumb Code     0  libinit2.o(.ARM.Collect$$libinit$$00000035)
    __rt_lib_init_signal_1                   0x0800029f   Thumb Code     0  libinit2.o(.ARM.Collect$$libinit$$0000001F)
    __rt_lib_init_stdio_1                    0x0800029f   Thumb Code     0  libinit2.o(.ARM.Collect$$libinit$$00000027)
    __rt_lib_shutdown                        0x080002a1   Thumb Code     0  libshutdown.o(.ARM.Collect$$libshutdown$$00000000)
    __rt_lib_shutdown_cpp_1                  0x080002a3   Thumb Code     0  libshutdown2.o(.ARM.Collect$$libshutdown$$00000002)
    __rt_lib_shutdown_fp_trap_1              0x080002a3   Thumb Code     0  libshutdown2.o(.ARM.Collect$$libshutdown$$00000007)
    __rt_lib_shutdown_heap_1                 0x080002a3   Thumb Code     0  libshutdown2.o(.ARM.Collect$$libshutdown$$0000000F)
    __rt_lib_shutdown_return                 0x080002a3   Thumb Code     0  libshutdown2.o(.ARM.Collect$$libshutdown$$00000010)
    __rt_lib_shutdown_signal_1               0x080002a3   Thumb Code     0  libshutdown2.o(.ARM.Collect$$libshutdown$$0000000A)
    __rt_lib_shutdown_stdio_1                0x080002a3   Thumb Code     0  libshutdown2.o(.ARM.Collect$$libshutdown$$00000004)
    __rt_lib_shutdown_user_alloc_1           0x080002a3   Thumb Code     0  libshutdown2.o(.ARM.Collect$$libshutdown$$0000000C)
    __rt_entry                               0x080002a5   Thumb Code     0  __rtentry.o(.ARM.Collect$$rtentry$$00000000)
    __rt_entry_presh_1                       0x080002a5   Thumb Code     0  __rtentry2.o(.ARM.Collect$$rtentry$$00000002)
    __rt_entry_sh                            0x080002a5   Thumb Code     0  __rtentry4.o(.ARM.Collect$$rtentry$$00000004)
    __rt_entry_li                            0x080002ab   Thumb Code     0  __rtentry2.o(.ARM.Collect$$rtentry$$0000000A)
    __rt_entry_postsh_1                      0x080002ab   Thumb Code     0  __rtentry2.o(.ARM.Collect$$rtentry$$00000009)
    __rt_entry_main                          0x080002af   Thumb Code     0  __rtentry2.o(.ARM.Collect$$rtentry$$0000000D)
    __rt_entry_postli_1                      0x080002af   Thumb Code     0  __rtentry2.o(.ARM.Collect$$rtentry$$0000000C)
    __rt_exit                                0x080002b7   Thumb Code     0  rtexit.o(.ARM.Collect$$rtexit$$00000000)
    __rt_exit_ls                             0x080002b9   Thumb Code     0  rtexit2.o(.ARM.Collect$$rtexit$$00000003)
    __rt_exit_prels_1                        0x080002b9   Thumb Code     0  rtexit2.o(.ARM.Collect$$rtexit$$00000002)
    __rt_exit_exit                           0x080002bd   Thumb Code     0  rtexit2.o(.ARM.Collect$$rtexit$$00000004)
    Reset_Handler                            0x080002c5   Thumb Code     8  startup_stm32g431xx.o(.text)
    COMP1_2_3_IRQHandler                     0x080002df   Thumb Code     0  startup_stm32g431xx.o(.text)
    COMP4_IRQHandler                         0x080002df   Thumb Code     0  startup_stm32g431xx.o(.text)
    CORDIC_IRQHandler                        0x080002df   Thumb Code     0  startup_stm32g431xx.o(.text)
    CRS_IRQHandler                           0x080002df   Thumb Code     0  startup_stm32g431xx.o(.text)
    DMA1_Channel1_IRQHandler                 0x080002df   Thumb Code     0  startup_stm32g431xx.o(.text)
    DMA1_Channel2_IRQHandler                 0x080002df   Thumb Code     0  startup_stm32g431xx.o(.text)
    DMA1_Channel3_IRQHandler                 0x080002df   Thumb Code     0  startup_stm32g431xx.o(.text)
    DMA1_Channel4_IRQHandler                 0x080002df   Thumb Code     0  startup_stm32g431xx.o(.text)
    DMA1_Channel5_IRQHandler                 0x080002df   Thumb Code     0  startup_stm32g431xx.o(.text)
    DMA1_Channel6_IRQHandler                 0x080002df   Thumb Code     0  startup_stm32g431xx.o(.text)
    DMA2_Channel1_IRQHandler                 0x080002df   Thumb Code     0  startup_stm32g431xx.o(.text)
    DMA2_Channel2_IRQHandler                 0x080002df   Thumb Code     0  startup_stm32g431xx.o(.text)
    DMA2_Channel3_IRQHandler                 0x080002df   Thumb Code     0  startup_stm32g431xx.o(.text)
    DMA2_Channel4_IRQHandler                 0x080002df   Thumb Code     0  startup_stm32g431xx.o(.text)
    DMA2_Channel5_IRQHandler                 0x080002df   Thumb Code     0  startup_stm32g431xx.o(.text)
    DMA2_Channel6_IRQHandler                 0x080002df   Thumb Code     0  startup_stm32g431xx.o(.text)
    DMAMUX_OVR_IRQHandler                    0x080002df   Thumb Code     0  startup_stm32g431xx.o(.text)
    EXTI0_IRQHandler                         0x080002df   Thumb Code     0  startup_stm32g431xx.o(.text)
    EXTI15_10_IRQHandler                     0x080002df   Thumb Code     0  startup_stm32g431xx.o(.text)
    EXTI1_IRQHandler                         0x080002df   Thumb Code     0  startup_stm32g431xx.o(.text)
    EXTI2_IRQHandler                         0x080002df   Thumb Code     0  startup_stm32g431xx.o(.text)
    EXTI3_IRQHandler                         0x080002df   Thumb Code     0  startup_stm32g431xx.o(.text)
    EXTI4_IRQHandler                         0x080002df   Thumb Code     0  startup_stm32g431xx.o(.text)
    EXTI9_5_IRQHandler                       0x080002df   Thumb Code     0  startup_stm32g431xx.o(.text)
    FDCAN1_IT0_IRQHandler                    0x080002df   Thumb Code     0  startup_stm32g431xx.o(.text)
    FDCAN1_IT1_IRQHandler                    0x080002df   Thumb Code     0  startup_stm32g431xx.o(.text)
    FLASH_IRQHandler                         0x080002df   Thumb Code     0  startup_stm32g431xx.o(.text)
    FMAC_IRQHandler                          0x080002df   Thumb Code     0  startup_stm32g431xx.o(.text)
    FPU_IRQHandler                           0x080002df   Thumb Code     0  startup_stm32g431xx.o(.text)
    I2C1_ER_IRQHandler                       0x080002df   Thumb Code     0  startup_stm32g431xx.o(.text)
    I2C1_EV_IRQHandler                       0x080002df   Thumb Code     0  startup_stm32g431xx.o(.text)
    I2C2_ER_IRQHandler                       0x080002df   Thumb Code     0  startup_stm32g431xx.o(.text)
    I2C2_EV_IRQHandler                       0x080002df   Thumb Code     0  startup_stm32g431xx.o(.text)
    I2C3_ER_IRQHandler                       0x080002df   Thumb Code     0  startup_stm32g431xx.o(.text)
    I2C3_EV_IRQHandler                       0x080002df   Thumb Code     0  startup_stm32g431xx.o(.text)
    LPTIM1_IRQHandler                        0x080002df   Thumb Code     0  startup_stm32g431xx.o(.text)
    LPUART1_IRQHandler                       0x080002df   Thumb Code     0  startup_stm32g431xx.o(.text)
    PVD_PVM_IRQHandler                       0x080002df   Thumb Code     0  startup_stm32g431xx.o(.text)
    RCC_IRQHandler                           0x080002df   Thumb Code     0  startup_stm32g431xx.o(.text)
    RNG_IRQHandler                           0x080002df   Thumb Code     0  startup_stm32g431xx.o(.text)
    RTC_Alarm_IRQHandler                     0x080002df   Thumb Code     0  startup_stm32g431xx.o(.text)
    RTC_TAMP_LSECSS_IRQHandler               0x080002df   Thumb Code     0  startup_stm32g431xx.o(.text)
    RTC_WKUP_IRQHandler                      0x080002df   Thumb Code     0  startup_stm32g431xx.o(.text)
    SAI1_IRQHandler                          0x080002df   Thumb Code     0  startup_stm32g431xx.o(.text)
    SPI1_IRQHandler                          0x080002df   Thumb Code     0  startup_stm32g431xx.o(.text)
    SPI2_IRQHandler                          0x080002df   Thumb Code     0  startup_stm32g431xx.o(.text)
    SPI3_IRQHandler                          0x080002df   Thumb Code     0  startup_stm32g431xx.o(.text)
    TIM1_CC_IRQHandler                       0x080002df   Thumb Code     0  startup_stm32g431xx.o(.text)
    TIM1_UP_TIM16_IRQHandler                 0x080002df   Thumb Code     0  startup_stm32g431xx.o(.text)
    TIM6_DAC_IRQHandler                      0x080002df   Thumb Code     0  startup_stm32g431xx.o(.text)
    TIM7_IRQHandler                          0x080002df   Thumb Code     0  startup_stm32g431xx.o(.text)
    TIM8_BRK_IRQHandler                      0x080002df   Thumb Code     0  startup_stm32g431xx.o(.text)
    TIM8_CC_IRQHandler                       0x080002df   Thumb Code     0  startup_stm32g431xx.o(.text)
    TIM8_TRG_COM_IRQHandler                  0x080002df   Thumb Code     0  startup_stm32g431xx.o(.text)
    TIM8_UP_IRQHandler                       0x080002df   Thumb Code     0  startup_stm32g431xx.o(.text)
    UART4_IRQHandler                         0x080002df   Thumb Code     0  startup_stm32g431xx.o(.text)
    UCPD1_IRQHandler                         0x080002df   Thumb Code     0  startup_stm32g431xx.o(.text)
    USART1_IRQHandler                        0x080002df   Thumb Code     0  startup_stm32g431xx.o(.text)
    USART2_IRQHandler                        0x080002df   Thumb Code     0  startup_stm32g431xx.o(.text)
    USART3_IRQHandler                        0x080002df   Thumb Code     0  startup_stm32g431xx.o(.text)
    USBWakeUp_IRQHandler                     0x080002df   Thumb Code     0  startup_stm32g431xx.o(.text)
    USB_HP_IRQHandler                        0x080002df   Thumb Code     0  startup_stm32g431xx.o(.text)
    USB_LP_IRQHandler                        0x080002df   Thumb Code     0  startup_stm32g431xx.o(.text)
    WWDG_IRQHandler                          0x080002df   Thumb Code     0  startup_stm32g431xx.o(.text)
    __user_initial_stackheap                 0x080002e1   Thumb Code     0  startup_stm32g431xx.o(.text)
    __2sprintf                               0x08000305   Thumb Code    34  noretval__2sprintf.o(.text)
    _printf_pre_padding                      0x0800032d   Thumb Code    44  _printf_pad.o(.text)
    _printf_post_padding                     0x08000359   Thumb Code    34  _printf_pad.o(.text)
    _printf_int_dec                          0x0800037d   Thumb Code   104  _printf_dec.o(.text)
    __printf                                 0x080003f5   Thumb Code   388  __printf_flags_ss_wp.o(.text)
    __aeabi_memclr4                          0x0800057d   Thumb Code     0  rt_memclr_w.o(.text)
    __aeabi_memclr8                          0x0800057d   Thumb Code     0  rt_memclr_w.o(.text)
    __rt_memclr_w                            0x0800057d   Thumb Code     0  rt_memclr_w.o(.text)
    _memset_w                                0x08000581   Thumb Code    74  rt_memclr_w.o(.text)
    __use_two_region_memory                  0x080005cb   Thumb Code     2  heapauxi.o(.text)
    __rt_heap_escrow$2region                 0x080005cd   Thumb Code     2  heapauxi.o(.text)
    __rt_heap_expand$2region                 0x080005cf   Thumb Code     2  heapauxi.o(.text)
    _printf_int_common                       0x080005d1   Thumb Code   178  _printf_intcommon.o(.text)
    _printf_fp_dec_real                      0x08000833   Thumb Code   620  _printf_fp_dec.o(.text)
    _printf_char_common                      0x08000aab   Thumb Code    32  _printf_char_common.o(.text)
    _sputc                                   0x08000ad1   Thumb Code    10  _sputc.o(.text)
    __rt_locale                              0x08000add   Thumb Code     8  rt_locale_intlibspace.o(.text)
    _ll_udiv10                               0x08000ae5   Thumb Code   138  lludiv10.o(.text)
    _printf_fp_infnan                        0x08000b71   Thumb Code   112  _printf_fp_infnan.o(.text)
    _btod_etento                             0x08000bf1   Thumb Code   224  bigflt0.o(.text)
    __user_libspace                          0x08000cd5   Thumb Code     8  libspace.o(.text)
    __user_perproc_libspace                  0x08000cd5   Thumb Code     0  libspace.o(.text)
    __user_perthread_libspace                0x08000cd5   Thumb Code     0  libspace.o(.text)
    __user_setup_stackheap                   0x08000cdd   Thumb Code    74  sys_stackheap_outer.o(.text)
    exit                                     0x08000d27   Thumb Code    18  exit.o(.text)
    strcmp                                   0x08000d39   Thumb Code   124  strcmpv7em.o(.text)
    _sys_exit                                0x08000db5   Thumb Code     8  sys_exit.o(.text)
    __I$use$semihosting                      0x08000dc1   Thumb Code     0  use_no_semi.o(.text)
    __use_no_semihosting_swi                 0x08000dc1   Thumb Code     2  use_no_semi.o(.text)
    __semihosting_library_function           0x08000dc3   Thumb Code     0  indicate_semi.o(.text)
    ADC1_2_IRQHandler                        0x08000dc5   Thumb Code    30  stm32g4xx_it.o(.text.ADC1_2_IRQHandler)
    ADC_Enable                               0x08000de5   Thumb Code   246  stm32g4xx_hal_adc.o(.text.ADC_Enable)
    BusFault_Handler                         0x08000edd   Thumb Code     2  stm32g4xx_it.o(.text.BusFault_Handler)
    DebugMon_Handler                         0x08000ee1   Thumb Code     2  stm32g4xx_it.o(.text.DebugMon_Handler)
    Error_Handler                            0x08000ee5   Thumb Code    10  main.o(.text.Error_Handler)
    HAL_ADCEx_EndOfSamplingCallback          0x08000ef1   Thumb Code     2  stm32g4xx_hal_adc_ex.o(.text.HAL_ADCEx_EndOfSamplingCallback)
    HAL_ADCEx_InjectedConvCpltCallback       0x08000ef5   Thumb Code     2  stm32g4xx_hal_adc_ex.o(.text.HAL_ADCEx_InjectedConvCpltCallback)
    HAL_ADCEx_InjectedQueueOverflowCallback  0x08000ef9   Thumb Code     2  stm32g4xx_hal_adc_ex.o(.text.HAL_ADCEx_InjectedQueueOverflowCallback)
    HAL_ADCEx_LevelOutOfWindow2Callback      0x08000efd   Thumb Code     2  stm32g4xx_hal_adc_ex.o(.text.HAL_ADCEx_LevelOutOfWindow2Callback)
    HAL_ADCEx_LevelOutOfWindow3Callback      0x08000f01   Thumb Code     2  stm32g4xx_hal_adc_ex.o(.text.HAL_ADCEx_LevelOutOfWindow3Callback)
    HAL_ADCEx_MultiModeConfigChannel         0x08000f05   Thumb Code   192  stm32g4xx_hal_adc_ex.o(.text.HAL_ADCEx_MultiModeConfigChannel)
    HAL_ADC_ConfigChannel                    0x08000fc5   Thumb Code   922  stm32g4xx_hal_adc.o(.text.HAL_ADC_ConfigChannel)
    HAL_ADC_ConvCpltCallback                 0x08001361   Thumb Code     2  stm32g4xx_hal_adc.o(.text.HAL_ADC_ConvCpltCallback)
    HAL_ADC_ErrorCallback                    0x08001365   Thumb Code     2  stm32g4xx_hal_adc.o(.text.HAL_ADC_ErrorCallback)
    HAL_ADC_GetValue                         0x08001369   Thumb Code     6  stm32g4xx_hal_adc.o(.text.HAL_ADC_GetValue)
    HAL_ADC_IRQHandler                       0x08001371   Thumb Code   642  stm32g4xx_hal_adc.o(.text.HAL_ADC_IRQHandler)
    HAL_ADC_Init                             0x080015f5   Thumb Code   550  stm32g4xx_hal_adc.o(.text.HAL_ADC_Init)
    HAL_ADC_LevelOutOfWindowCallback         0x0800181d   Thumb Code     2  stm32g4xx_hal_adc.o(.text.HAL_ADC_LevelOutOfWindowCallback)
    HAL_ADC_MspInit                          0x08001821   Thumb Code   274  adc.o(.text.HAL_ADC_MspInit)
    HAL_ADC_Start                            0x08001935   Thumb Code   232  stm32g4xx_hal_adc.o(.text.HAL_ADC_Start)
    HAL_Delay                                0x08001a1d   Thumb Code    40  stm32g4xx_hal.o(.text.HAL_Delay)
    HAL_GPIO_Init                            0x08001a45   Thumb Code   434  stm32g4xx_hal_gpio.o(.text.HAL_GPIO_Init)
    HAL_GPIO_ReadPin                         0x08001bf9   Thumb Code    10  stm32g4xx_hal_gpio.o(.text.HAL_GPIO_ReadPin)
    HAL_GPIO_WritePin                        0x08001c05   Thumb Code    12  stm32g4xx_hal_gpio.o(.text.HAL_GPIO_WritePin)
    HAL_GetTick                              0x08001c11   Thumb Code    12  stm32g4xx_hal.o(.text.HAL_GetTick)
    HAL_IncTick                              0x08001c1d   Thumb Code    26  stm32g4xx_hal.o(.text.HAL_IncTick)
    HAL_Init                                 0x08001c39   Thumb Code    30  stm32g4xx_hal.o(.text.HAL_Init)
    HAL_InitTick                             0x08001c59   Thumb Code    80  stm32g4xx_hal.o(.text.HAL_InitTick)
    HAL_MspInit                              0x08001ca9   Thumb Code    52  stm32g4xx_hal_msp.o(.text.HAL_MspInit)
    HAL_NVIC_EnableIRQ                       0x08001cdd   Thumb Code    34  stm32g4xx_hal_cortex.o(.text.HAL_NVIC_EnableIRQ)
    HAL_NVIC_SetPriority                     0x08001d01   Thumb Code    86  stm32g4xx_hal_cortex.o(.text.HAL_NVIC_SetPriority)
    HAL_NVIC_SetPriorityGrouping             0x08001d59   Thumb Code    32  stm32g4xx_hal_cortex.o(.text.HAL_NVIC_SetPriorityGrouping)
    HAL_PWREx_ControlVoltageScaling          0x08001d79   Thumb Code   270  stm32g4xx_hal_pwr_ex.o(.text.HAL_PWREx_ControlVoltageScaling)
    HAL_PWREx_DisableUCPDDeadBattery         0x08001e89   Thumb Code    18  stm32g4xx_hal_pwr_ex.o(.text.HAL_PWREx_DisableUCPDDeadBattery)
    HAL_RCCEx_PeriphCLKConfig                0x08001e9d   Thumb Code   618  stm32g4xx_hal_rcc_ex.o(.text.HAL_RCCEx_PeriphCLKConfig)
    HAL_RCC_ClockConfig                      0x08002109   Thumb Code   772  stm32g4xx_hal_rcc.o(.text.HAL_RCC_ClockConfig)
    HAL_RCC_OscConfig                        0x0800240d   Thumb Code  1230  stm32g4xx_hal_rcc.o(.text.HAL_RCC_OscConfig)
    HAL_SYSTICK_Config                       0x080028dd   Thumb Code    44  stm32g4xx_hal_cortex.o(.text.HAL_SYSTICK_Config)
    HAL_TIMEx_Break2Callback                 0x08002909   Thumb Code     2  stm32g4xx_hal_tim_ex.o(.text.HAL_TIMEx_Break2Callback)
    HAL_TIMEx_BreakCallback                  0x0800290d   Thumb Code     2  stm32g4xx_hal_tim_ex.o(.text.HAL_TIMEx_BreakCallback)
    HAL_TIMEx_CommutCallback                 0x08002911   Thumb Code     2  stm32g4xx_hal_tim_ex.o(.text.HAL_TIMEx_CommutCallback)
    HAL_TIMEx_ConfigBreakDeadTime            0x08002915   Thumb Code   200  stm32g4xx_hal_tim_ex.o(.text.HAL_TIMEx_ConfigBreakDeadTime)
    HAL_TIMEx_DirectionChangeCallback        0x080029dd   Thumb Code     2  stm32g4xx_hal_tim_ex.o(.text.HAL_TIMEx_DirectionChangeCallback)
    HAL_TIMEx_EncoderIndexCallback           0x080029e1   Thumb Code     2  stm32g4xx_hal_tim_ex.o(.text.HAL_TIMEx_EncoderIndexCallback)
    HAL_TIMEx_IndexErrorCallback             0x080029e5   Thumb Code     2  stm32g4xx_hal_tim_ex.o(.text.HAL_TIMEx_IndexErrorCallback)
    HAL_TIMEx_MasterConfigSynchronization    0x080029e9   Thumb Code   166  stm32g4xx_hal_tim_ex.o(.text.HAL_TIMEx_MasterConfigSynchronization)
    HAL_TIMEx_TransitionErrorCallback        0x08002a91   Thumb Code     2  stm32g4xx_hal_tim_ex.o(.text.HAL_TIMEx_TransitionErrorCallback)
    HAL_TIM_Base_Init                        0x08002a95   Thumb Code    98  stm32g4xx_hal_tim.o(.text.HAL_TIM_Base_Init)
    HAL_TIM_Base_MspInit                     0x08002af9   Thumb Code   248  tim.o(.text.HAL_TIM_Base_MspInit)
    HAL_TIM_Base_Start_IT                    0x08002bf1   Thumb Code   146  stm32g4xx_hal_tim.o(.text.HAL_TIM_Base_Start_IT)
    HAL_TIM_ConfigClockSource                0x08002c85   Thumb Code   516  stm32g4xx_hal_tim.o(.text.HAL_TIM_ConfigClockSource)
    HAL_TIM_IC_CaptureCallback               0x08002e89   Thumb Code   152  fun.o(.text.HAL_TIM_IC_CaptureCallback)
    HAL_TIM_IC_ConfigChannel                 0x08002f31   Thumb Code   422  stm32g4xx_hal_tim.o(.text.HAL_TIM_IC_ConfigChannel)
    HAL_TIM_IC_Init                          0x080030d9   Thumb Code    98  stm32g4xx_hal_tim.o(.text.HAL_TIM_IC_Init)
    HAL_TIM_IC_MspInit                       0x0800313d   Thumb Code   120  tim.o(.text.HAL_TIM_IC_MspInit)
    HAL_TIM_IC_Start                         0x080031b5   Thumb Code   334  stm32g4xx_hal_tim.o(.text.HAL_TIM_IC_Start)
    HAL_TIM_IC_Start_IT                      0x08003305   Thumb Code   390  stm32g4xx_hal_tim.o(.text.HAL_TIM_IC_Start_IT)
    HAL_TIM_IRQHandler                       0x0800348d   Thumb Code   460  stm32g4xx_hal_tim.o(.text.HAL_TIM_IRQHandler)
    HAL_TIM_OC_DelayElapsedCallback          0x08003659   Thumb Code     2  stm32g4xx_hal_tim.o(.text.HAL_TIM_OC_DelayElapsedCallback)
    HAL_TIM_PWM_ConfigChannel                0x0800365d   Thumb Code   968  stm32g4xx_hal_tim.o(.text.HAL_TIM_PWM_ConfigChannel)
    HAL_TIM_PWM_Init                         0x08003a25   Thumb Code    98  stm32g4xx_hal_tim.o(.text.HAL_TIM_PWM_Init)
    HAL_TIM_PWM_MspInit                      0x08003a89   Thumb Code    68  tim.o(.text.HAL_TIM_PWM_MspInit)
    HAL_TIM_PWM_PulseFinishedCallback        0x08003acd   Thumb Code     2  stm32g4xx_hal_tim.o(.text.HAL_TIM_PWM_PulseFinishedCallback)
    HAL_TIM_PWM_Start                        0x08003ad1   Thumb Code   362  stm32g4xx_hal_tim.o(.text.HAL_TIM_PWM_Start)
    HAL_TIM_PeriodElapsedCallback            0x08003c3d   Thumb Code   106  fun.o(.text.HAL_TIM_PeriodElapsedCallback)
    HAL_TIM_ReadCapturedValue                0x08003ca9   Thumb Code    22  stm32g4xx_hal_tim.o(.text.HAL_TIM_ReadCapturedValue)
    HAL_TIM_TriggerCallback                  0x08003cc1   Thumb Code     2  stm32g4xx_hal_tim.o(.text.HAL_TIM_TriggerCallback)
    HardFault_Handler                        0x08003cc5   Thumb Code     2  stm32g4xx_it.o(.text.HardFault_Handler)
    LCD_Clear                                0x08003cc9   Thumb Code   652  lcd.o(.text.LCD_Clear)
    LCD_ClearLine                            0x08003f55   Thumb Code   244  lcd.o(.text.LCD_ClearLine)
    LCD_DisplayStringLine                    0x08004049   Thumb Code    86  lcd.o(.text.LCD_DisplayStringLine)
    LCD_DrawChar                             0x080040a1   Thumb Code   864  lcd.o(.text.LCD_DrawChar)
    LCD_Init                                 0x08004401   Thumb Code   584  lcd.o(.text.LCD_Init)
    LCD_SetBackColor                         0x08004649   Thumb Code    36  lcd.o(.text.LCD_SetBackColor)
    LCD_SetTextColor                         0x0800466d   Thumb Code    36  lcd.o(.text.LCD_SetTextColor)
    MX_ADC1_Init                             0x08004691   Thumb Code   170  adc.o(.text.MX_ADC1_Init)
    MX_ADC2_Init                             0x0800473d   Thumb Code   130  adc.o(.text.MX_ADC2_Init)
    MX_GPIO_Init                             0x080047c1   Thumb Code   262  gpio.o(.text.MX_GPIO_Init)
    MX_TIM15_Init                            0x080048c9   Thumb Code   314  tim.o(.text.MX_TIM15_Init)
    MX_TIM17_Init                            0x08004a05   Thumb Code   110  tim.o(.text.MX_TIM17_Init)
    MX_TIM2_Init                             0x08004a75   Thumb Code   322  tim.o(.text.MX_TIM2_Init)
    MX_TIM3_Init                             0x08004bb9   Thumb Code   122  tim.o(.text.MX_TIM3_Init)
    MX_TIM4_Init                             0x08004c35   Thumb Code   122  tim.o(.text.MX_TIM4_Init)
    MemManage_Handler                        0x08004cb1   Thumb Code     2  stm32g4xx_it.o(.text.MemManage_Handler)
    NMI_Handler                              0x08004cb5   Thumb Code     2  stm32g4xx_it.o(.text.NMI_Handler)
    PendSV_Handler                           0x08004cb9   Thumb Code     2  stm32g4xx_it.o(.text.PendSV_Handler)
    REG_8230_Init                            0x08004cbd   Thumb Code  2790  lcd.o(.text.REG_8230_Init)
    REG_932X_Init                            0x080057a5   Thumb Code  5406  lcd.o(.text.REG_932X_Init)
    SVC_Handler                              0x08006cc5   Thumb Code     2  stm32g4xx_it.o(.text.SVC_Handler)
    SysTick_Handler                          0x08006cc9   Thumb Code     4  stm32g4xx_it.o(.text.SysTick_Handler)
    SystemInit                               0x08006ccd   Thumb Code    18  system_stm32g4xx.o(.text.SystemInit)
    TIM1_BRK_TIM15_IRQHandler                0x08006ce1   Thumb Code    12  stm32g4xx_it.o(.text.TIM1_BRK_TIM15_IRQHandler)
    TIM1_TRG_COM_TIM17_IRQHandler            0x08006ced   Thumb Code    12  stm32g4xx_it.o(.text.TIM1_TRG_COM_TIM17_IRQHandler)
    TIM2_IRQHandler                          0x08006cf9   Thumb Code    12  stm32g4xx_it.o(.text.TIM2_IRQHandler)
    TIM3_IRQHandler                          0x08006d05   Thumb Code    12  stm32g4xx_it.o(.text.TIM3_IRQHandler)
    TIM4_IRQHandler                          0x08006d11   Thumb Code    12  stm32g4xx_it.o(.text.TIM4_IRQHandler)
    TIM_Base_SetConfig                       0x08006d1d   Thumb Code   308  stm32g4xx_hal_tim.o(.text.TIM_Base_SetConfig)
    UsageFault_Handler                       0x08006e51   Thumb Code     2  stm32g4xx_it.o(.text.UsageFault_Handler)
    key                                      0x08006e55   Thumb Code   422  fun.o(.text.key)
    key_scan                                 0x08006ffd   Thumb Code   136  fun.o(.text.key_scan)
    lcd_show                                 0x08007085   Thumb Code  1136  fun.o(.text.lcd_show)
    led_show                                 0x0800758d   Thumb Code    62  fun.o(.text.led_show)
    ma                                       0x080075d1   Thumb Code  1152  fun.o(.text.ma)
    main                                     0x08007a69   Thumb Code   298  main.o(.text.main)
    _btod_d2e                                0x08007b93   Thumb Code    62  btod.o(CL$$btod_d2e)
    _d2e_denorm_low                          0x08007bd1   Thumb Code    70  btod.o(CL$$btod_d2e_denorm_low)
    _d2e_norm_op1                            0x08007c17   Thumb Code    96  btod.o(CL$$btod_d2e_norm_op1)
    __btod_div_common                        0x08007c79   Thumb Code   696  btod.o(CL$$btod_div_common)
    _e2e                                     0x08007fb1   Thumb Code   220  btod.o(CL$$btod_e2e)
    _btod_ediv                               0x0800808d   Thumb Code    42  btod.o(CL$$btod_ediv)
    _btod_emul                               0x080080b7   Thumb Code    42  btod.o(CL$$btod_emul)
    __btod_mult_common                       0x080080e1   Thumb Code   580  btod.o(CL$$btod_mult_common)
    __ARM_fpclassify                         0x08008325   Thumb Code    48  fpclassify.o(i.__ARM_fpclassify)
    _is_digit                                0x08008355   Thumb Code    14  __printf_wp.o(i._is_digit)
    _get_lc_numeric                          0x08008365   Thumb Code    44  lc_numeric_c.o(locale$$code)
    __aeabi_dadd                             0x08008391   Thumb Code     0  daddsub_clz.o(x$fpl$dadd)
    _dadd                                    0x08008391   Thumb Code   332  daddsub_clz.o(x$fpl$dadd)
    __fpl_dcmp_Inf                           0x080084e1   Thumb Code    24  dcmpi.o(x$fpl$dcmpinf)
    __aeabi_ddiv                             0x080084f9   Thumb Code     0  ddiv.o(x$fpl$ddiv)
    _ddiv                                    0x080084f9   Thumb Code   560  ddiv.o(x$fpl$ddiv)
    __aeabi_cdcmpeq                          0x080087b1   Thumb Code     0  deqf.o(x$fpl$deqf)
    _dcmpeq                                  0x080087b1   Thumb Code   120  deqf.o(x$fpl$deqf)
    __aeabi_d2uiz                            0x08008829   Thumb Code     0  dfixu.o(x$fpl$dfixu)
    _dfixu                                   0x08008829   Thumb Code    90  dfixu.o(x$fpl$dfixu)
    __aeabi_ui2d                             0x08008883   Thumb Code     0  dflt_clz.o(x$fpl$dfltu)
    _dfltu                                   0x08008883   Thumb Code    38  dflt_clz.o(x$fpl$dfltu)
    __aeabi_cdcmpge                          0x080088a9   Thumb Code     0  dgeqf.o(x$fpl$dgeqf)
    _dcmpge                                  0x080088a9   Thumb Code   120  dgeqf.o(x$fpl$dgeqf)
    __aeabi_cdcmple                          0x08008921   Thumb Code     0  dleqf.o(x$fpl$dleqf)
    _dcmple                                  0x08008921   Thumb Code   120  dleqf.o(x$fpl$dleqf)
    __fpl_dcmple_InfNaN                      0x08008983   Thumb Code     0  dleqf.o(x$fpl$dleqf)
    __aeabi_dmul                             0x08008999   Thumb Code     0  dmul.o(x$fpl$dmul)
    _dmul                                    0x08008999   Thumb Code   332  dmul.o(x$fpl$dmul)
    __fpl_dnaninf                            0x08008aed   Thumb Code   156  dnaninf.o(x$fpl$dnaninf)
    __fpl_dretinf                            0x08008b89   Thumb Code    12  dretinf.o(x$fpl$dretinf)
    __aeabi_dsub                             0x08008b95   Thumb Code     0  daddsub_clz.o(x$fpl$dsub)
    _dsub                                    0x08008b95   Thumb Code   472  daddsub_clz.o(x$fpl$dsub)
    __aeabi_dcmpeq                           0x08008d71   Thumb Code     0  dcmp.o(x$fpl$fcmp)
    _deq                                     0x08008d71   Thumb Code    14  dcmp.o(x$fpl$fcmp)
    _dneq                                    0x08008d7f   Thumb Code    14  dcmp.o(x$fpl$fcmp)
    __aeabi_dcmpgt                           0x08008d8d   Thumb Code     0  dcmp.o(x$fpl$fcmp)
    _dgr                                     0x08008d8d   Thumb Code    14  dcmp.o(x$fpl$fcmp)
    __aeabi_dcmpge                           0x08008d9b   Thumb Code     0  dcmp.o(x$fpl$fcmp)
    _dgeq                                    0x08008d9b   Thumb Code    14  dcmp.o(x$fpl$fcmp)
    __aeabi_dcmple                           0x08008da9   Thumb Code     0  dcmp.o(x$fpl$fcmp)
    _dleq                                    0x08008da9   Thumb Code    14  dcmp.o(x$fpl$fcmp)
    __aeabi_dcmplt                           0x08008db7   Thumb Code     0  dcmp.o(x$fpl$fcmp)
    _dls                                     0x08008db7   Thumb Code    14  dcmp.o(x$fpl$fcmp)
    _fp_init                                 0x08008dc5   Thumb Code    26  fpinit.o(x$fpl$fpinit)
    __fplib_config_fpu_vfp                   0x08008ddd   Thumb Code     0  fpinit.o(x$fpl$fpinit)
    __fplib_config_pureend_doubles           0x08008ddd   Thumb Code     0  fpinit.o(x$fpl$fpinit)
    _printf_fp_dec                           0x08008ddf   Thumb Code     4  printf1.o(x$fpl$printf1)
    __I$use$fp                               0x08008de2   Number         0  usenofp.o(x$fpl$usenofp)
    AHBPrescTable                            0x08008e88   Data          16  system_stm32g4xx.o(.rodata.AHBPrescTable)
    ASCII_Table                              0x08008e98   Data        4560  lcd.o(.rodata.ASCII_Table)
    Region$$Table$$Base                      0x0800a154   Number         0  anon$$obj.o(Region$$Table)
    Region$$Table$$Limit                     0x0800a174   Number         0  anon$$obj.o(Region$$Table)
    uwTickPrio                               0x20000000   Data           4  stm32g4xx_hal.o(.data..L_MergedGlobals)
    uwTickFreq                               0x20000004   Data           4  stm32g4xx_hal.o(.data..L_MergedGlobals)
    DR                                       0x20000008   Data           4  fun.o(.data..L_MergedGlobals)
    DS                                       0x2000000c   Data           4  fun.o(.data..L_MergedGlobals)
    FR                                       0x20000010   Data           4  fun.o(.data..L_MergedGlobals)
    FS                                       0x20000014   Data           4  fun.o(.data..L_MergedGlobals)
    SystemCoreClock                          0x2000001c   Data           4  system_stm32g4xx.o(.data.SystemCoreClock)
    __libspace_start                         0x20000020   Data          96  libspace.o(.bss)
    __temporary_stack_top$libspace           0x20000080   Data           0  libspace.o(.bss)
    yichang                                  0x20000080   Data           1  fun.o(.bss..L_MergedGlobals.16)
    l_yichang                                0x20000081   Data           1  fun.o(.bss..L_MergedGlobals.16)
    s                                        0x20000082   Data           1  fun.o(.bss..L_MergedGlobals.16)
    flag1                                    0x20000083   Data           1  fun.o(.bss..L_MergedGlobals.16)
    flag3                                    0x20000084   Data           1  fun.o(.bss..L_MergedGlobals.16)
    H                                        0x20000085   Data           1  fun.o(.bss..L_MergedGlobals.16)
    M                                        0x20000086   Data           1  fun.o(.bss..L_MergedGlobals.16)
    S                                        0x20000087   Data           1  fun.o(.bss..L_MergedGlobals.16)
    lcd_page                                 0x20000088   Data           1  fun.o(.bss..L_MergedGlobals.16)
    can_b2                                   0x20000089   Data           1  fun.o(.bss..L_MergedGlobals.16)
    key_val                                  0x2000008a   Data           1  fun.o(.bss..L_MergedGlobals.16)
    key_old                                  0x2000008b   Data           1  fun.o(.bss..L_MergedGlobals.16)
    key_down                                 0x2000008c   Data           1  fun.o(.bss..L_MergedGlobals.16)
    key_up                                   0x2000008d   Data           1  fun.o(.bss..L_MergedGlobals.16)
    capture_val_pwm                          0x2000008e   Data           1  fun.o(.bss..L_MergedGlobals.16)
    ff                                       0x20000090   Data           4  fun.o(.bss..L_MergedGlobals.16)
    CF                                       0x20000094   Data           4  fun.o(.bss..L_MergedGlobals.16)
    CD                                       0x20000098   Data           4  fun.o(.bss..L_MergedGlobals.16)
    n1                                       0x2000009c   Data           4  fun.o(.bss..L_MergedGlobals.16)
    RDS                                      0x200000a0   Data           4  fun.o(.bss..L_MergedGlobals.16)
    n2                                       0x200000a4   Data           4  fun.o(.bss..L_MergedGlobals.16)
    RFS                                      0x200000a8   Data           4  fun.o(.bss..L_MergedGlobals.16)
    YCF                                      0x200000ac   Data           4  fun.o(.bss..L_MergedGlobals.16)
    YCD                                      0x200000b0   Data           4  fun.o(.bss..L_MergedGlobals.16)
    YDF                                      0x200000b4   Data           4  fun.o(.bss..L_MergedGlobals.16)
    YXF                                      0x200000b8   Data           4  fun.o(.bss..L_MergedGlobals.16)
    YH                                       0x200000bc   Data           4  fun.o(.bss..L_MergedGlobals.16)
    YM                                       0x200000c0   Data           4  fun.o(.bss..L_MergedGlobals.16)
    YS                                       0x200000c4   Data           4  fun.o(.bss..L_MergedGlobals.16)
    time                                     0x200000c8   Data           4  fun.o(.bss..L_MergedGlobals.16)
    time2                                    0x200000cc   Data           4  fun.o(.bss..L_MergedGlobals.16)
    DF                                       0x200000d0   Data           8  fun.o(.bss..L_MergedGlobals.16)
    capture_val_r                            0x200000d8   Data           8  fun.o(.bss..L_MergedGlobals.16)
    VA                                       0x200000e0   Data           8  fun.o(.bss..L_MergedGlobals.16)
    N                                        0x200000e8   Data           8  fun.o(.bss..L_MergedGlobals.16)
    F                                        0x200000f0   Data           8  fun.o(.bss..L_MergedGlobals.16)
    XF                                       0x200000f8   Data           8  fun.o(.bss..L_MergedGlobals.17)
    text                                     0x20000100   Data          21  fun.o(.bss..L_MergedGlobals.17)
    dummy                                    0x2000011e   Data           2  lcd.o(.bss.dummy)
    hadc1                                    0x20000120   Data         108  adc.o(.bss.hadc1)
    hadc2                                    0x2000018c   Data         108  adc.o(.bss.hadc2)
    htim15                                   0x200001f8   Data          76  tim.o(.bss.htim15)
    htim17                                   0x20000244   Data          76  tim.o(.bss.htim17)
    htim2                                    0x20000290   Data          76  tim.o(.bss.htim2)
    htim3                                    0x200002dc   Data          76  tim.o(.bss.htim3)
    htim4                                    0x20000328   Data          76  tim.o(.bss.htim4)
    uwTick                                   0x20000374   Data           4  stm32g4xx_hal.o(.bss.uwTick)



==============================================================================

Memory Map of the image

  Image Entry point : 0x080001d9

  Load Region LR_IROM1 (Base: 0x08000000, Size: 0x0000a1b0, Max: 0x00020000, ABSOLUTE)

    Execution Region ER_IROM1 (Exec base: 0x08000000, Load base: 0x08000000, Size: 0x0000a190, Max: 0x00020000, ABSOLUTE)

    Exec Addr    Load Addr    Size         Type   Attr      Idx    E Section Name        Object

    0x08000000   0x08000000   0x000001d8   Data   RO            3    RESET               startup_stm32g431xx.o
    0x080001d8   0x080001d8   0x00000008   Code   RO         1314  * !!!main             c_w.l(__main.o)
    0x080001e0   0x080001e0   0x0000005c   Code   RO         1580    !!!scatter          c_w.l(__scatter.o)
    0x0800023c   0x0800023c   0x0000001a   Code   RO         1584    !!handler_copy      c_w.l(__scatter_copy.o)
    0x08000256   0x08000256   0x00000002   PAD
    0x08000258   0x08000258   0x00000002   Code   RO         1581    !!handler_null      c_w.l(__scatter.o)
    0x0800025a   0x0800025a   0x00000002   PAD
    0x0800025c   0x0800025c   0x0000001c   Code   RO         1586    !!handler_zi        c_w.l(__scatter_zi.o)
    0x08000278   0x08000278   0x00000000   Code   RO         1309    .ARM.Collect$$_printf_percent$$00000000  c_w.l(_printf_percent.o)
    0x08000278   0x08000278   0x00000006   Code   RO         1308    .ARM.Collect$$_printf_percent$$00000003  c_w.l(_printf_f.o)
    0x0800027e   0x0800027e   0x00000006   Code   RO         1307    .ARM.Collect$$_printf_percent$$00000009  c_w.l(_printf_d.o)
    0x08000284   0x08000284   0x00000004   Code   RO         1353    .ARM.Collect$$_printf_percent$$00000017  c_w.l(_printf_percent_end.o)
    0x08000288   0x08000288   0x00000002   Code   RO         1443    .ARM.Collect$$libinit$$00000000  c_w.l(libinit.o)
    0x0800028a   0x0800028a   0x00000004   Code   RO         1444    .ARM.Collect$$libinit$$00000001  c_w.l(libinit2.o)
    0x0800028e   0x0800028e   0x00000000   Code   RO         1447    .ARM.Collect$$libinit$$00000004  c_w.l(libinit2.o)
    0x0800028e   0x0800028e   0x00000000   Code   RO         1449    .ARM.Collect$$libinit$$00000006  c_w.l(libinit2.o)
    0x0800028e   0x0800028e   0x00000000   Code   RO         1452    .ARM.Collect$$libinit$$0000000C  c_w.l(libinit2.o)
    0x0800028e   0x0800028e   0x00000000   Code   RO         1454    .ARM.Collect$$libinit$$0000000E  c_w.l(libinit2.o)
    0x0800028e   0x0800028e   0x00000000   Code   RO         1456    .ARM.Collect$$libinit$$00000010  c_w.l(libinit2.o)
    0x0800028e   0x0800028e   0x00000006   Code   RO         1457    .ARM.Collect$$libinit$$00000011  c_w.l(libinit2.o)
    0x08000294   0x08000294   0x00000000   Code   RO         1459    .ARM.Collect$$libinit$$00000013  c_w.l(libinit2.o)
    0x08000294   0x08000294   0x00000000   Code   RO         1461    .ARM.Collect$$libinit$$00000015  c_w.l(libinit2.o)
    0x08000294   0x08000294   0x00000000   Code   RO         1463    .ARM.Collect$$libinit$$00000017  c_w.l(libinit2.o)
    0x08000294   0x08000294   0x0000000a   Code   RO         1464    .ARM.Collect$$libinit$$00000018  c_w.l(libinit2.o)
    0x0800029e   0x0800029e   0x00000000   Code   RO         1465    .ARM.Collect$$libinit$$00000019  c_w.l(libinit2.o)
    0x0800029e   0x0800029e   0x00000000   Code   RO         1467    .ARM.Collect$$libinit$$0000001B  c_w.l(libinit2.o)
    0x0800029e   0x0800029e   0x00000000   Code   RO         1469    .ARM.Collect$$libinit$$0000001D  c_w.l(libinit2.o)
    0x0800029e   0x0800029e   0x00000000   Code   RO         1471    .ARM.Collect$$libinit$$0000001F  c_w.l(libinit2.o)
    0x0800029e   0x0800029e   0x00000000   Code   RO         1473    .ARM.Collect$$libinit$$00000021  c_w.l(libinit2.o)
    0x0800029e   0x0800029e   0x00000000   Code   RO         1475    .ARM.Collect$$libinit$$00000023  c_w.l(libinit2.o)
    0x0800029e   0x0800029e   0x00000000   Code   RO         1477    .ARM.Collect$$libinit$$00000025  c_w.l(libinit2.o)
    0x0800029e   0x0800029e   0x00000000   Code   RO         1479    .ARM.Collect$$libinit$$00000027  c_w.l(libinit2.o)
    0x0800029e   0x0800029e   0x00000000   Code   RO         1483    .ARM.Collect$$libinit$$0000002E  c_w.l(libinit2.o)
    0x0800029e   0x0800029e   0x00000000   Code   RO         1485    .ARM.Collect$$libinit$$00000030  c_w.l(libinit2.o)
    0x0800029e   0x0800029e   0x00000000   Code   RO         1487    .ARM.Collect$$libinit$$00000032  c_w.l(libinit2.o)
    0x0800029e   0x0800029e   0x00000000   Code   RO         1489    .ARM.Collect$$libinit$$00000034  c_w.l(libinit2.o)
    0x0800029e   0x0800029e   0x00000002   Code   RO         1490    .ARM.Collect$$libinit$$00000035  c_w.l(libinit2.o)
    0x080002a0   0x080002a0   0x00000002   Code   RO         1526    .ARM.Collect$$libshutdown$$00000000  c_w.l(libshutdown.o)
    0x080002a2   0x080002a2   0x00000000   Code   RO         1537    .ARM.Collect$$libshutdown$$00000002  c_w.l(libshutdown2.o)
    0x080002a2   0x080002a2   0x00000000   Code   RO         1539    .ARM.Collect$$libshutdown$$00000004  c_w.l(libshutdown2.o)
    0x080002a2   0x080002a2   0x00000000   Code   RO         1542    .ARM.Collect$$libshutdown$$00000007  c_w.l(libshutdown2.o)
    0x080002a2   0x080002a2   0x00000000   Code   RO         1545    .ARM.Collect$$libshutdown$$0000000A  c_w.l(libshutdown2.o)
    0x080002a2   0x080002a2   0x00000000   Code   RO         1547    .ARM.Collect$$libshutdown$$0000000C  c_w.l(libshutdown2.o)
    0x080002a2   0x080002a2   0x00000000   Code   RO         1550    .ARM.Collect$$libshutdown$$0000000F  c_w.l(libshutdown2.o)
    0x080002a2   0x080002a2   0x00000002   Code   RO         1551    .ARM.Collect$$libshutdown$$00000010  c_w.l(libshutdown2.o)
    0x080002a4   0x080002a4   0x00000000   Code   RO         1342    .ARM.Collect$$rtentry$$00000000  c_w.l(__rtentry.o)
    0x080002a4   0x080002a4   0x00000000   Code   RO         1366    .ARM.Collect$$rtentry$$00000002  c_w.l(__rtentry2.o)
    0x080002a4   0x080002a4   0x00000006   Code   RO         1378    .ARM.Collect$$rtentry$$00000004  c_w.l(__rtentry4.o)
    0x080002aa   0x080002aa   0x00000000   Code   RO         1368    .ARM.Collect$$rtentry$$00000009  c_w.l(__rtentry2.o)
    0x080002aa   0x080002aa   0x00000004   Code   RO         1369    .ARM.Collect$$rtentry$$0000000A  c_w.l(__rtentry2.o)
    0x080002ae   0x080002ae   0x00000000   Code   RO         1371    .ARM.Collect$$rtentry$$0000000C  c_w.l(__rtentry2.o)
    0x080002ae   0x080002ae   0x00000008   Code   RO         1372    .ARM.Collect$$rtentry$$0000000D  c_w.l(__rtentry2.o)
    0x080002b6   0x080002b6   0x00000002   Code   RO         1491    .ARM.Collect$$rtexit$$00000000  c_w.l(rtexit.o)
    0x080002b8   0x080002b8   0x00000000   Code   RO         1500    .ARM.Collect$$rtexit$$00000002  c_w.l(rtexit2.o)
    0x080002b8   0x080002b8   0x00000004   Code   RO         1501    .ARM.Collect$$rtexit$$00000003  c_w.l(rtexit2.o)
    0x080002bc   0x080002bc   0x00000006   Code   RO         1502    .ARM.Collect$$rtexit$$00000004  c_w.l(rtexit2.o)
    0x080002c2   0x080002c2   0x00000002   PAD
    0x080002c4   0x080002c4   0x00000040   Code   RO            4    .text               startup_stm32g431xx.o
    0x08000304   0x08000304   0x00000028   Code   RO         1279    .text               c_w.l(noretval__2sprintf.o)
    0x0800032c   0x0800032c   0x0000004e   Code   RO         1283    .text               c_w.l(_printf_pad.o)
    0x0800037a   0x0800037a   0x00000002   PAD
    0x0800037c   0x0800037c   0x00000078   Code   RO         1285    .text               c_w.l(_printf_dec.o)
    0x080003f4   0x080003f4   0x00000188   Code   RO         1304    .text               c_w.l(__printf_flags_ss_wp.o)
    0x0800057c   0x0800057c   0x0000004e   Code   RO         1310    .text               c_w.l(rt_memclr_w.o)
    0x080005ca   0x080005ca   0x00000006   Code   RO         1312    .text               c_w.l(heapauxi.o)
    0x080005d0   0x080005d0   0x000000b2   Code   RO         1343    .text               c_w.l(_printf_intcommon.o)
    0x08000682   0x08000682   0x0000041c   Code   RO         1345    .text               c_w.l(_printf_fp_dec.o)
    0x08000a9e   0x08000a9e   0x00000002   PAD
    0x08000aa0   0x08000aa0   0x00000030   Code   RO         1349    .text               c_w.l(_printf_char_common.o)
    0x08000ad0   0x08000ad0   0x0000000a   Code   RO         1351    .text               c_w.l(_sputc.o)
    0x08000ada   0x08000ada   0x00000002   PAD
    0x08000adc   0x08000adc   0x00000008   Code   RO         1383    .text               c_w.l(rt_locale_intlibspace.o)
    0x08000ae4   0x08000ae4   0x0000008a   Code   RO         1385    .text               c_w.l(lludiv10.o)
    0x08000b6e   0x08000b6e   0x00000002   PAD
    0x08000b70   0x08000b70   0x00000080   Code   RO         1387    .text               c_w.l(_printf_fp_infnan.o)
    0x08000bf0   0x08000bf0   0x000000e4   Code   RO         1391    .text               c_w.l(bigflt0.o)
    0x08000cd4   0x08000cd4   0x00000008   Code   RO         1427    .text               c_w.l(libspace.o)
    0x08000cdc   0x08000cdc   0x0000004a   Code   RO         1430    .text               c_w.l(sys_stackheap_outer.o)
    0x08000d26   0x08000d26   0x00000012   Code   RO         1434    .text               c_w.l(exit.o)
    0x08000d38   0x08000d38   0x0000007c   Code   RO         1436    .text               c_w.l(strcmpv7em.o)
    0x08000db4   0x08000db4   0x0000000c   Code   RO         1512    .text               c_w.l(sys_exit.o)
    0x08000dc0   0x08000dc0   0x00000002   Code   RO         1527    .text               c_w.l(use_no_semi.o)
    0x08000dc2   0x08000dc2   0x00000000   Code   RO         1529    .text               c_w.l(indicate_semi.o)
    0x08000dc2   0x08000dc2   0x00000002   PAD
    0x08000dc4   0x08000dc4   0x0000001e   Code   RO          109    .text.ADC1_2_IRQHandler  stm32g4xx_it.o
    0x08000de2   0x08000de2   0x00000002   PAD
    0x08000de4   0x08000de4   0x000000f6   Code   RO          150    .text.ADC_Enable    stm32g4xx_hal_adc.o
    0x08000eda   0x08000eda   0x00000002   PAD
    0x08000edc   0x08000edc   0x00000002   Code   RO           97    .text.BusFault_Handler  stm32g4xx_it.o
    0x08000ede   0x08000ede   0x00000002   PAD
    0x08000ee0   0x08000ee0   0x00000002   Code   RO          103    .text.DebugMon_Handler  stm32g4xx_it.o
    0x08000ee2   0x08000ee2   0x00000002   PAD
    0x08000ee4   0x08000ee4   0x0000000a   Code   RO           15    .text.Error_Handler  main.o
    0x08000eee   0x08000eee   0x00000002   PAD
    0x08000ef0   0x08000ef0   0x00000002   Code   RO          236    .text.HAL_ADCEx_EndOfSamplingCallback  stm32g4xx_hal_adc_ex.o
    0x08000ef2   0x08000ef2   0x00000002   PAD
    0x08000ef4   0x08000ef4   0x00000002   Code   RO          228    .text.HAL_ADCEx_InjectedConvCpltCallback  stm32g4xx_hal_adc_ex.o
    0x08000ef6   0x08000ef6   0x00000002   PAD
    0x08000ef8   0x08000ef8   0x00000002   Code   RO          230    .text.HAL_ADCEx_InjectedQueueOverflowCallback  stm32g4xx_hal_adc_ex.o
    0x08000efa   0x08000efa   0x00000002   PAD
    0x08000efc   0x08000efc   0x00000002   Code   RO          232    .text.HAL_ADCEx_LevelOutOfWindow2Callback  stm32g4xx_hal_adc_ex.o
    0x08000efe   0x08000efe   0x00000002   PAD
    0x08000f00   0x08000f00   0x00000002   Code   RO          234    .text.HAL_ADCEx_LevelOutOfWindow3Callback  stm32g4xx_hal_adc_ex.o
    0x08000f02   0x08000f02   0x00000002   PAD
    0x08000f04   0x08000f04   0x000000c0   Code   RO          248    .text.HAL_ADCEx_MultiModeConfigChannel  stm32g4xx_hal_adc_ex.o
    0x08000fc4   0x08000fc4   0x0000039a   Code   RO          188    .text.HAL_ADC_ConfigChannel  stm32g4xx_hal_adc.o
    0x0800135e   0x0800135e   0x00000002   PAD
    0x08001360   0x08001360   0x00000002   Code   RO          180    .text.HAL_ADC_ConvCpltCallback  stm32g4xx_hal_adc.o
    0x08001362   0x08001362   0x00000002   PAD
    0x08001364   0x08001364   0x00000002   Code   RO          184    .text.HAL_ADC_ErrorCallback  stm32g4xx_hal_adc.o
    0x08001366   0x08001366   0x00000002   PAD
    0x08001368   0x08001368   0x00000006   Code   RO          172    .text.HAL_ADC_GetValue  stm32g4xx_hal_adc.o
    0x0800136e   0x0800136e   0x00000002   PAD
    0x08001370   0x08001370   0x00000282   Code   RO          178    .text.HAL_ADC_IRQHandler  stm32g4xx_hal_adc.o
    0x080015f2   0x080015f2   0x00000002   PAD
    0x080015f4   0x080015f4   0x00000226   Code   RO          136    .text.HAL_ADC_Init  stm32g4xx_hal_adc.o
    0x0800181a   0x0800181a   0x00000002   PAD
    0x0800181c   0x0800181c   0x00000002   Code   RO          182    .text.HAL_ADC_LevelOutOfWindowCallback  stm32g4xx_hal_adc.o
    0x0800181e   0x0800181e   0x00000002   PAD
    0x08001820   0x08001820   0x00000112   Code   RO           39    .text.HAL_ADC_MspInit  adc.o
    0x08001932   0x08001932   0x00000002   PAD
    0x08001934   0x08001934   0x000000e8   Code   RO          148    .text.HAL_ADC_Start  stm32g4xx_hal_adc.o
    0x08001a1c   0x08001a1c   0x00000028   Code   RO          287    .text.HAL_Delay     stm32g4xx_hal.o
    0x08001a44   0x08001a44   0x000001b2   Code   RO          507    .text.HAL_GPIO_Init  stm32g4xx_hal_gpio.o
    0x08001bf6   0x08001bf6   0x00000002   PAD
    0x08001bf8   0x08001bf8   0x0000000a   Code   RO          511    .text.HAL_GPIO_ReadPin  stm32g4xx_hal_gpio.o
    0x08001c02   0x08001c02   0x00000002   PAD
    0x08001c04   0x08001c04   0x0000000c   Code   RO          513    .text.HAL_GPIO_WritePin  stm32g4xx_hal_gpio.o
    0x08001c10   0x08001c10   0x0000000c   Code   RO          279    .text.HAL_GetTick   stm32g4xx_hal.o
    0x08001c1c   0x08001c1c   0x0000001a   Code   RO          277    .text.HAL_IncTick   stm32g4xx_hal.o
    0x08001c36   0x08001c36   0x00000002   PAD
    0x08001c38   0x08001c38   0x0000001e   Code   RO          267    .text.HAL_Init      stm32g4xx_hal.o
    0x08001c56   0x08001c56   0x00000002   PAD
    0x08001c58   0x08001c58   0x00000050   Code   RO          269    .text.HAL_InitTick  stm32g4xx_hal.o
    0x08001ca8   0x08001ca8   0x00000034   Code   RO          128    .text.HAL_MspInit   stm32g4xx_hal_msp.o
    0x08001cdc   0x08001cdc   0x00000022   Code   RO          733    .text.HAL_NVIC_EnableIRQ  stm32g4xx_hal_cortex.o
    0x08001cfe   0x08001cfe   0x00000002   PAD
    0x08001d00   0x08001d00   0x00000056   Code   RO          731    .text.HAL_NVIC_SetPriority  stm32g4xx_hal_cortex.o
    0x08001d56   0x08001d56   0x00000002   PAD
    0x08001d58   0x08001d58   0x00000020   Code   RO          729    .text.HAL_NVIC_SetPriorityGrouping  stm32g4xx_hal_cortex.o
    0x08001d78   0x08001d78   0x0000010e   Code   RO          649    .text.HAL_PWREx_ControlVoltageScaling  stm32g4xx_hal_pwr_ex.o
    0x08001e86   0x08001e86   0x00000002   PAD
    0x08001e88   0x08001e88   0x00000012   Code   RO          719    .text.HAL_PWREx_DisableUCPDDeadBattery  stm32g4xx_hal_pwr_ex.o
    0x08001e9a   0x08001e9a   0x00000002   PAD
    0x08001e9c   0x08001e9c   0x0000026a   Code   RO          391    .text.HAL_RCCEx_PeriphCLKConfig  stm32g4xx_hal_rcc_ex.o
    0x08002106   0x08002106   0x00000002   PAD
    0x08002108   0x08002108   0x00000304   Code   RO          357    .text.HAL_RCC_ClockConfig  stm32g4xx_hal_rcc.o
    0x0800240c   0x0800240c   0x000004ce   Code   RO          355    .text.HAL_RCC_OscConfig  stm32g4xx_hal_rcc.o
    0x080028da   0x080028da   0x00000002   PAD
    0x080028dc   0x080028dc   0x0000002c   Code   RO          741    .text.HAL_SYSTICK_Config  stm32g4xx_hal_cortex.o
    0x08002908   0x08002908   0x00000002   Code   RO         1130    .text.HAL_TIMEx_Break2Callback  stm32g4xx_hal_tim_ex.o
    0x0800290a   0x0800290a   0x00000002   PAD
    0x0800290c   0x0800290c   0x00000002   Code   RO         1128    .text.HAL_TIMEx_BreakCallback  stm32g4xx_hal_tim_ex.o
    0x0800290e   0x0800290e   0x00000002   PAD
    0x08002910   0x08002910   0x00000002   Code   RO         1124    .text.HAL_TIMEx_CommutCallback  stm32g4xx_hal_tim_ex.o
    0x08002912   0x08002912   0x00000002   PAD
    0x08002914   0x08002914   0x000000c8   Code   RO         1076    .text.HAL_TIMEx_ConfigBreakDeadTime  stm32g4xx_hal_tim_ex.o
    0x080029dc   0x080029dc   0x00000002   Code   RO         1134    .text.HAL_TIMEx_DirectionChangeCallback  stm32g4xx_hal_tim_ex.o
    0x080029de   0x080029de   0x00000002   PAD
    0x080029e0   0x080029e0   0x00000002   Code   RO         1132    .text.HAL_TIMEx_EncoderIndexCallback  stm32g4xx_hal_tim_ex.o
    0x080029e2   0x080029e2   0x00000002   PAD
    0x080029e4   0x080029e4   0x00000002   Code   RO         1136    .text.HAL_TIMEx_IndexErrorCallback  stm32g4xx_hal_tim_ex.o
    0x080029e6   0x080029e6   0x00000002   PAD
    0x080029e8   0x080029e8   0x000000a6   Code   RO         1074    .text.HAL_TIMEx_MasterConfigSynchronization  stm32g4xx_hal_tim_ex.o
    0x08002a8e   0x08002a8e   0x00000002   PAD
    0x08002a90   0x08002a90   0x00000002   Code   RO         1138    .text.HAL_TIMEx_TransitionErrorCallback  stm32g4xx_hal_tim_ex.o
    0x08002a92   0x08002a92   0x00000002   PAD
    0x08002a94   0x08002a94   0x00000062   Code   RO          779    .text.HAL_TIM_Base_Init  stm32g4xx_hal_tim.o
    0x08002af6   0x08002af6   0x00000002   PAD
    0x08002af8   0x08002af8   0x000000f8   Code   RO           68    .text.HAL_TIM_Base_MspInit  tim.o
    0x08002bf0   0x08002bf0   0x00000092   Code   RO          793    .text.HAL_TIM_Base_Start_IT  stm32g4xx_hal_tim.o
    0x08002c82   0x08002c82   0x00000002   PAD
    0x08002c84   0x08002c84   0x00000204   Code   RO          959    .text.HAL_TIM_ConfigClockSource  stm32g4xx_hal_tim.o
    0x08002e88   0x08002e88   0x000000a8   Code   RO         1176    .text.HAL_TIM_IC_CaptureCallback  fun.o
    0x08002f30   0x08002f30   0x000001a6   Code   RO          929    .text.HAL_TIM_IC_ConfigChannel  stm32g4xx_hal_tim.o
    0x080030d6   0x080030d6   0x00000002   PAD
    0x080030d8   0x080030d8   0x00000062   Code   RO          853    .text.HAL_TIM_IC_Init  stm32g4xx_hal_tim.o
    0x0800313a   0x0800313a   0x00000002   PAD
    0x0800313c   0x0800313c   0x00000078   Code   RO           66    .text.HAL_TIM_IC_MspInit  tim.o
    0x080031b4   0x080031b4   0x0000014e   Code   RO          861    .text.HAL_TIM_IC_Start  stm32g4xx_hal_tim.o
    0x08003302   0x08003302   0x00000002   PAD
    0x08003304   0x08003304   0x00000186   Code   RO          865    .text.HAL_TIM_IC_Start_IT  stm32g4xx_hal_tim.o
    0x0800348a   0x0800348a   0x00000002   PAD
    0x0800348c   0x0800348c   0x000001cc   Code   RO          913    .text.HAL_TIM_IRQHandler  stm32g4xx_hal_tim.o
    0x08003658   0x08003658   0x00000002   Code   RO          917    .text.HAL_TIM_OC_DelayElapsedCallback  stm32g4xx_hal_tim.o
    0x0800365a   0x0800365a   0x00000002   PAD
    0x0800365c   0x0800365c   0x000003c8   Code   RO          933    .text.HAL_TIM_PWM_ConfigChannel  stm32g4xx_hal_tim.o
    0x08003a24   0x08003a24   0x00000062   Code   RO          833    .text.HAL_TIM_PWM_Init  stm32g4xx_hal_tim.o
    0x08003a86   0x08003a86   0x00000002   PAD
    0x08003a88   0x08003a88   0x00000044   Code   RO           70    .text.HAL_TIM_PWM_MspInit  tim.o
    0x08003acc   0x08003acc   0x00000002   Code   RO          919    .text.HAL_TIM_PWM_PulseFinishedCallback  stm32g4xx_hal_tim.o
    0x08003ace   0x08003ace   0x00000002   PAD
    0x08003ad0   0x08003ad0   0x0000016a   Code   RO          841    .text.HAL_TIM_PWM_Start  stm32g4xx_hal_tim.o
    0x08003c3a   0x08003c3a   0x00000002   PAD
    0x08003c3c   0x08003c3c   0x0000006a   Code   RO         1178    .text.HAL_TIM_PeriodElapsedCallback  fun.o
    0x08003ca6   0x08003ca6   0x00000002   PAD
    0x08003ca8   0x08003ca8   0x00000016   Code   RO          969    .text.HAL_TIM_ReadCapturedValue  stm32g4xx_hal_tim.o
    0x08003cbe   0x08003cbe   0x00000002   PAD
    0x08003cc0   0x08003cc0   0x00000002   Code   RO          923    .text.HAL_TIM_TriggerCallback  stm32g4xx_hal_tim.o
    0x08003cc2   0x08003cc2   0x00000002   PAD
    0x08003cc4   0x08003cc4   0x00000002   Code   RO           93    .text.HardFault_Handler  stm32g4xx_it.o
    0x08003cc6   0x08003cc6   0x00000002   PAD
    0x08003cc8   0x08003cc8   0x0000028c   Code   RO         1224    .text.LCD_Clear     lcd.o
    0x08003f54   0x08003f54   0x000000f4   Code   RO         1220    .text.LCD_ClearLine  lcd.o
    0x08004048   0x08004048   0x00000056   Code   RO         1222    .text.LCD_DisplayStringLine  lcd.o
    0x0800409e   0x0800409e   0x00000002   PAD
    0x080040a0   0x080040a0   0x00000360   Code   RO         1232    .text.LCD_DrawChar  lcd.o
    0x08004400   0x08004400   0x00000248   Code   RO         1210    .text.LCD_Init      lcd.o
    0x08004648   0x08004648   0x00000024   Code   RO         1218    .text.LCD_SetBackColor  lcd.o
    0x0800466c   0x0800466c   0x00000024   Code   RO         1216    .text.LCD_SetTextColor  lcd.o
    0x08004690   0x08004690   0x000000aa   Code   RO           35    .text.MX_ADC1_Init  adc.o
    0x0800473a   0x0800473a   0x00000002   PAD
    0x0800473c   0x0800473c   0x00000082   Code   RO           37    .text.MX_ADC2_Init  adc.o
    0x080047be   0x080047be   0x00000002   PAD
    0x080047c0   0x080047c0   0x00000106   Code   RO           26    .text.MX_GPIO_Init  gpio.o
    0x080048c6   0x080048c6   0x00000002   PAD
    0x080048c8   0x080048c8   0x0000013a   Code   RO           62    .text.MX_TIM15_Init  tim.o
    0x08004a02   0x08004a02   0x00000002   PAD
    0x08004a04   0x08004a04   0x0000006e   Code   RO           64    .text.MX_TIM17_Init  tim.o
    0x08004a72   0x08004a72   0x00000002   PAD
    0x08004a74   0x08004a74   0x00000142   Code   RO           54    .text.MX_TIM2_Init  tim.o
    0x08004bb6   0x08004bb6   0x00000002   PAD
    0x08004bb8   0x08004bb8   0x0000007a   Code   RO           58    .text.MX_TIM3_Init  tim.o
    0x08004c32   0x08004c32   0x00000002   PAD
    0x08004c34   0x08004c34   0x0000007a   Code   RO           60    .text.MX_TIM4_Init  tim.o
    0x08004cae   0x08004cae   0x00000002   PAD
    0x08004cb0   0x08004cb0   0x00000002   Code   RO           95    .text.MemManage_Handler  stm32g4xx_it.o
    0x08004cb2   0x08004cb2   0x00000002   PAD
    0x08004cb4   0x08004cb4   0x00000002   Code   RO           91    .text.NMI_Handler   stm32g4xx_it.o
    0x08004cb6   0x08004cb6   0x00000002   PAD
    0x08004cb8   0x08004cb8   0x00000002   Code   RO          105    .text.PendSV_Handler  stm32g4xx_it.o
    0x08004cba   0x08004cba   0x00000002   PAD
    0x08004cbc   0x08004cbc   0x00000ae6   Code   RO         1204    .text.REG_8230_Init  lcd.o
    0x080057a2   0x080057a2   0x00000002   PAD
    0x080057a4   0x080057a4   0x0000151e   Code   RO         1208    .text.REG_932X_Init  lcd.o
    0x08006cc2   0x08006cc2   0x00000002   PAD
    0x08006cc4   0x08006cc4   0x00000002   Code   RO          101    .text.SVC_Handler   stm32g4xx_it.o
    0x08006cc6   0x08006cc6   0x00000002   PAD
    0x08006cc8   0x08006cc8   0x00000004   Code   RO          107    .text.SysTick_Handler  stm32g4xx_it.o
    0x08006ccc   0x08006ccc   0x00000012   Code   RO         1153    .text.SystemInit    system_stm32g4xx.o
    0x08006cde   0x08006cde   0x00000002   PAD
    0x08006ce0   0x08006ce0   0x0000000c   Code   RO          111    .text.TIM1_BRK_TIM15_IRQHandler  stm32g4xx_it.o
    0x08006cec   0x08006cec   0x0000000c   Code   RO          113    .text.TIM1_TRG_COM_TIM17_IRQHandler  stm32g4xx_it.o
    0x08006cf8   0x08006cf8   0x0000000c   Code   RO          115    .text.TIM2_IRQHandler  stm32g4xx_it.o
    0x08006d04   0x08006d04   0x0000000c   Code   RO          117    .text.TIM3_IRQHandler  stm32g4xx_it.o
    0x08006d10   0x08006d10   0x0000000c   Code   RO          119    .text.TIM4_IRQHandler  stm32g4xx_it.o
    0x08006d1c   0x08006d1c   0x00000134   Code   RO          783    .text.TIM_Base_SetConfig  stm32g4xx_hal_tim.o
    0x08006e50   0x08006e50   0x00000002   Code   RO           99    .text.UsageFault_Handler  stm32g4xx_it.o
    0x08006e52   0x08006e52   0x00000002   PAD
    0x08006e54   0x08006e54   0x000001a6   Code   RO         1174    .text.key           fun.o
    0x08006ffa   0x08006ffa   0x00000002   PAD
    0x08006ffc   0x08006ffc   0x00000088   Code   RO         1172    .text.key_scan      fun.o
    0x08007084   0x08007084   0x00000508   Code   RO         1170    .text.lcd_show      fun.o
    0x0800758c   0x0800758c   0x0000003e   Code   RO         1168    .text.led_show      fun.o
    0x080075ca   0x080075ca   0x00000006   PAD
    0x080075d0   0x080075d0   0x00000498   Code   RO         1182    .text.ma            fun.o
    0x08007a68   0x08007a68   0x0000012a   Code   RO           11    .text.main          main.o
    0x08007b92   0x08007b92   0x0000003e   Code   RO         1394    CL$$btod_d2e        c_w.l(btod.o)
    0x08007bd0   0x08007bd0   0x00000046   Code   RO         1396    CL$$btod_d2e_denorm_low  c_w.l(btod.o)
    0x08007c16   0x08007c16   0x00000060   Code   RO         1395    CL$$btod_d2e_norm_op1  c_w.l(btod.o)
    0x08007c76   0x08007c76   0x00000002   PAD
    0x08007c78   0x08007c78   0x00000338   Code   RO         1404    CL$$btod_div_common  c_w.l(btod.o)
    0x08007fb0   0x08007fb0   0x000000dc   Code   RO         1401    CL$$btod_e2e        c_w.l(btod.o)
    0x0800808c   0x0800808c   0x0000002a   Code   RO         1398    CL$$btod_ediv       c_w.l(btod.o)
    0x080080b6   0x080080b6   0x0000002a   Code   RO         1397    CL$$btod_emul       c_w.l(btod.o)
    0x080080e0   0x080080e0   0x00000244   Code   RO         1403    CL$$btod_mult_common  c_w.l(btod.o)
    0x08008324   0x08008324   0x00000030   Code   RO         1425    i.__ARM_fpclassify  m_wm.l(fpclassify.o)
    0x08008354   0x08008354   0x0000000e   Code   RO         1297    i._is_digit         c_w.l(__printf_wp.o)
    0x08008362   0x08008362   0x00000002   PAD
    0x08008364   0x08008364   0x0000002c   Code   RO         1419    locale$$code        c_w.l(lc_numeric_c.o)
    0x08008390   0x08008390   0x00000150   Code   RO         1316    x$fpl$dadd          fz_wm.l(daddsub_clz.o)
    0x080084e0   0x080084e0   0x00000018   Code   RO         1421    x$fpl$dcmpinf       fz_wm.l(dcmpi.o)
    0x080084f8   0x080084f8   0x000002b8   Code   RO         1325    x$fpl$ddiv          fz_wm.l(ddiv.o)
    0x080087b0   0x080087b0   0x00000078   Code   RO         1354    x$fpl$deqf          fz_wm.l(deqf.o)
    0x08008828   0x08008828   0x0000005a   Code   RO         1328    x$fpl$dfixu         fz_wm.l(dfixu.o)
    0x08008882   0x08008882   0x00000026   Code   RO         1332    x$fpl$dfltu         fz_wm.l(dflt_clz.o)
    0x080088a8   0x080088a8   0x00000078   Code   RO         1356    x$fpl$dgeqf         fz_wm.l(dgeqf.o)
    0x08008920   0x08008920   0x00000078   Code   RO         1358    x$fpl$dleqf         fz_wm.l(dleqf.o)
    0x08008998   0x08008998   0x00000154   Code   RO         1338    x$fpl$dmul          fz_wm.l(dmul.o)
    0x08008aec   0x08008aec   0x0000009c   Code   RO         1360    x$fpl$dnaninf       fz_wm.l(dnaninf.o)
    0x08008b88   0x08008b88   0x0000000c   Code   RO         1362    x$fpl$dretinf       fz_wm.l(dretinf.o)
    0x08008b94   0x08008b94   0x000001dc   Code   RO         1318    x$fpl$dsub          fz_wm.l(daddsub_clz.o)
    0x08008d70   0x08008d70   0x00000054   Code   RO         1322    x$fpl$fcmp          fz_wm.l(dcmp.o)
    0x08008dc4   0x08008dc4   0x0000001a   Code   RO         1497    x$fpl$fpinit        fz_wm.l(fpinit.o)
    0x08008dde   0x08008dde   0x00000004   Code   RO         1340    x$fpl$printf1       fz_wm.l(printf1.o)
    0x08008de2   0x08008de2   0x00000000   Code   RO         1364    x$fpl$usenofp       fz_wm.l(usenofp.o)
    0x08008de2   0x08008de2   0x00000011   Data   RO         1305    .constdata          c_w.l(__printf_flags_ss_wp.o)
    0x08008df3   0x08008df3   0x00000001   PAD
    0x08008df4   0x08008df4   0x00000094   Data   RO         1392    .constdata          c_w.l(bigflt0.o)
    0x08008e88   0x08008e88   0x00000010   Data   RO         1158    .rodata.AHBPrescTable  system_stm32g4xx.o
    0x08008e98   0x08008e98   0x000011d0   Data   RO         1264    .rodata.ASCII_Table  lcd.o
    0x0800a068   0x0800a068   0x00000030   Data   RO          999    .rodata.cst16       stm32g4xx_hal_tim.o
    0x0800a098   0x0800a098   0x0000008c   Data   RO         1185    .rodata.str1.1      fun.o
    0x0800a124   0x0800a124   0x0000002d   Data   RO         1184    .rodata.str1.4      fun.o
    0x0800a151   0x0800a151   0x00000003   PAD
    0x0800a154   0x0800a154   0x00000020   Data   RO         1579    Region$$Table       anon$$obj.o
    0x0800a174   0x0800a174   0x0000001c   Data   RO         1418    locale$$data        c_w.l(lc_numeric_c.o)


    Execution Region RW_IRAM1 (Exec base: 0x20000000, Load base: 0x0800a190, Size: 0x00000978, Max: 0x00008000, ABSOLUTE)

    Exec Addr    Load Addr    Size         Type   Attr      Idx    E Section Name        Object

    0x20000000   0x0800a190   0x00000008   Data   RW          344    .data..L_MergedGlobals  stm32g4xx_hal.o
    0x20000008   0x0800a198   0x00000010   Data   RW         1191    .data..L_MergedGlobals  fun.o
    0x20000018   0x0800a1a8   0x00000002   Data   RW         1267    .data.BackColor     lcd.o
    0x2000001a   0x0800a1aa   0x00000002   PAD
    0x2000001c   0x0800a1ac   0x00000004   Data   RW         1157    .data.SystemCoreClock  system_stm32g4xx.o
    0x20000020        -       0x00000060   Zero   RW         1428    .bss                c_w.l(libspace.o)
    0x20000080        -       0x00000078   Zero   RW         1192    .bss..L_MergedGlobals.16  fun.o
    0x200000f8        -       0x0000001d   Zero   RW         1193    .bss..L_MergedGlobals.17  fun.o
    0x20000115   0x0800a1b0   0x00000003   PAD
    0x20000118        -       0x00000004   Zero   RW           45    .bss.HAL_RCC_ADC12_CLK_ENABLED  adc.o
    0x2000011c        -       0x00000002   Zero   RW         1266    .bss.TextColor      lcd.o
    0x2000011e        -       0x00000002   Zero   RW         1265    .bss.dummy          lcd.o
    0x20000120        -       0x0000006c   Zero   RW           43    .bss.hadc1          adc.o
    0x2000018c        -       0x0000006c   Zero   RW           44    .bss.hadc2          adc.o
    0x200001f8        -       0x0000004c   Zero   RW           81    .bss.htim15         tim.o
    0x20000244        -       0x0000004c   Zero   RW           82    .bss.htim17         tim.o
    0x20000290        -       0x0000004c   Zero   RW           78    .bss.htim2          tim.o
    0x200002dc        -       0x0000004c   Zero   RW           79    .bss.htim3          tim.o
    0x20000328        -       0x0000004c   Zero   RW           80    .bss.htim4          tim.o
    0x20000374        -       0x00000004   Zero   RW          343    .bss.uwTick         stm32g4xx_hal.o
    0x20000378        -       0x00000200   Zero   RW            2    HEAP                startup_stm32g431xx.o
    0x20000578        -       0x00000400   Zero   RW            1    STACK               startup_stm32g431xx.o


==============================================================================

Image component sizes


      Code (inc. data)   RO Data    RW Data    ZI Data      Debug   Object Name

       574          0          0          0        220       9644   adc.o
      3358        222        185         16        149      12828   fun.o
       262          0          0          0          0       2466   gpio.o
     10698          0       4560          2          4      28119   lcd.o
       308          0          0          0          0       4990   main.o
        64         26        472          0       1536        820   startup_stm32g431xx.o
       188          0          0          8          4       8887   stm32g4xx_hal.o
      2604          0          0          0          0      28664   stm32g4xx_hal_adc.o
       202          0          0          0          0      23059   stm32g4xx_hal_adc_ex.o
       196          0          0          0          0      10377   stm32g4xx_hal_cortex.o
       456          0          0          0          0       5218   stm32g4xx_hal_gpio.o
        52          0          0          0          0       1717   stm32g4xx_hal_msp.o
       288          0          0          0          0       9423   stm32g4xx_hal_pwr_ex.o
      2002          0          0          0          0      10156   stm32g4xx_hal_rcc.o
       618          0          0          0          0      10905   stm32g4xx_hal_rcc_ex.o
      4228         36         48          0          0      63329   stm32g4xx_hal_tim.o
       380          0          0          0          0      30493   stm32g4xx_hal_tim_ex.o
       110          0          0          0          0       7393   stm32g4xx_it.o
        18          0         16          4          0       2749   system_stm32g4xx.o
      1426          0          0          0        380      13489   tim.o

    ----------------------------------------------------------------------
     28174        284       5316         32       2296     284726   Object Totals
         0          0         32          0          0          0   (incl. Generated)
       142          0          3          2          3          0   (incl. Padding)

    ----------------------------------------------------------------------

      Code (inc. data)   RO Data    RW Data    ZI Data      Debug   Library Member Name

         8          0          0          0          0         68   __main.o
       392          4         17          0          0         92   __printf_flags_ss_wp.o
        14          0          0          0          0         68   __printf_wp.o
         0          0          0          0          0          0   __rtentry.o
        12          0          0          0          0          0   __rtentry2.o
         6          0          0          0          0          0   __rtentry4.o
        94          8          0          0          0          0   __scatter.o
        26          0          0          0          0          0   __scatter_copy.o
        28          0          0          0          0          0   __scatter_zi.o
        48          6          0          0          0         96   _printf_char_common.o
         6          0          0          0          0          0   _printf_d.o
       120         16          0          0          0         92   _printf_dec.o
         6          0          0          0          0          0   _printf_f.o
      1052          0          0          0          0        148   _printf_fp_dec.o
       128         16          0          0          0         84   _printf_fp_infnan.o
       178          0          0          0          0         88   _printf_intcommon.o
        78          0          0          0          0        108   _printf_pad.o
         0          0          0          0          0          0   _printf_percent.o
         4          0          0          0          0          0   _printf_percent_end.o
        10          0          0          0          0         68   _sputc.o
       228          4        148          0          0         96   bigflt0.o
      1936        128          0          0          0        668   btod.o
        18          0          0          0          0         80   exit.o
         6          0          0          0          0        152   heapauxi.o
         0          0          0          0          0          0   indicate_semi.o
        44         10         28          0          0         76   lc_numeric_c.o
         2          0          0          0          0          0   libinit.o
        22          0          0          0          0          0   libinit2.o
         2          0          0          0          0          0   libshutdown.o
         2          0          0          0          0          0   libshutdown2.o
         8          4          0          0         96         68   libspace.o
       138          0          0          0          0         80   lludiv10.o
        40          6          0          0          0         84   noretval__2sprintf.o
         8          4          0          0          0         68   rt_locale_intlibspace.o
        78          0          0          0          0         80   rt_memclr_w.o
         2          0          0          0          0          0   rtexit.o
        10          0          0          0          0          0   rtexit2.o
       124          0          0          0          0         88   strcmpv7em.o
        12          4          0          0          0         68   sys_exit.o
        74          0          0          0          0         80   sys_stackheap_outer.o
         2          0          0          0          0         68   use_no_semi.o
       812         16          0          0          0        392   daddsub_clz.o
        84          0          0          0          0        244   dcmp.o
        24          0          0          0          0        116   dcmpi.o
       696        140          0          0          0        264   ddiv.o
       120          4          0          0          0        140   deqf.o
        90          4          0          0          0        140   dfixu.o
        38          0          0          0          0        116   dflt_clz.o
       120          4          0          0          0        140   dgeqf.o
       120          4          0          0          0        140   dleqf.o
       340         12          0          0          0        152   dmul.o
       156          4          0          0          0        140   dnaninf.o
        12          0          0          0          0        116   dretinf.o
        26          0          0          0          0        116   fpinit.o
         4          0          0          0          0        116   printf1.o
         0          0          0          0          0          0   usenofp.o
        48          0          0          0          0        124   fpclassify.o

    ----------------------------------------------------------------------
      7676        398        194          0         96       5124   Library Totals
        20          0          1          0          0          0   (incl. Padding)

    ----------------------------------------------------------------------

      Code (inc. data)   RO Data    RW Data    ZI Data      Debug   Library Name

      4966        210        193          0         96       2668   c_w.l
      2642        188          0          0          0       2332   fz_wm.l
        48          0          0          0          0        124   m_wm.l

    ----------------------------------------------------------------------
      7676        398        194          0         96       5124   Library Totals

    ----------------------------------------------------------------------

==============================================================================


      Code (inc. data)   RO Data    RW Data    ZI Data      Debug   

     35850        682       5510         32       2392     286754   Grand Totals
     35850        682       5510         32       2392     286754   ELF Image Totals
     35850        682       5510         32          0          0   ROM Totals

==============================================================================

    Total RO  Size (Code + RO Data)                41360 (  40.39kB)
    Total RW  Size (RW Data + ZI Data)              2424 (   2.37kB)
    Total ROM Size (Code + RO Data + RW Data)      41392 (  40.42kB)

==============================================================================

