<html>
<body>
<pre>
<h1>µVision Build Log</h1>
<h2>Tool Versions:</h2>
IDE-Version: ¦ÌVision V5.43.1.0
Copyright (C) 2025 ARM Ltd and ARM Germany GmbH. All rights reserved.
License Information: 1 y'f, 1, LIC=IK1BF-67TII-74VS0-BNMXJ-E1BV2-X4PLR
 
Tool Versions:
Toolchain:       MDK-ARM Plus  Version: 5.43.0.0
Toolchain Path:  D:\lanqiao\ARM\ARMCLANG\Bin
C Compiler:      ArmClang.exe V6.24
Assembler:       Armasm.exe V6.24
Linker/Locator:  ArmLink.exe V6.24
Library Manager: ArmAr.exe V6.24
Hex Converter:   FromElf.exe V6.24
CPU DLL:         SARMCM3.DLL V5.43.0.0
Dialog DLL:      DCM.DLL V1.17.5.0
Target DLL:      CMSIS_AGDI.dll V1.33.24.0
Dialog DLL:      TCM.DLL V1.56.6.0
 
<h2>Project:</h2>
D:\lanqiaotext\16A1\MDK-ARM\16A1.uvprojx
Project File Date:  04/07/2026

<h2>Output:</h2>
*** Using Compiler 'V6.24', folder: 'D:\lanqiao\ARM\ARMCLANG\Bin'
Rebuild target '16A1'
assembling startup_stm32g431xx.s...
compiling stm32g4xx_it.c...
compiling gpio.c...
compiling stm32g4xx_hal_msp.c...
compiling main.c...
compiling adc.c...
compiling tim.c...
compiling stm32g4xx_ll_adc.c...
compiling stm32g4xx_hal_adc.c...
compiling stm32g4xx_hal.c...
compiling stm32g4xx_hal_rcc.c...
compiling stm32g4xx_hal_flash.c...
compiling stm32g4xx_hal_adc_ex.c...
compiling stm32g4xx_hal_rcc_ex.c...
compiling stm32g4xx_hal_flash_ramfunc.c...
compiling stm32g4xx_hal_flash_ex.c...
compiling stm32g4xx_hal_gpio.c...
compiling stm32g4xx_hal_exti.c...
compiling stm32g4xx_hal_dma_ex.c...
compiling stm32g4xx_hal_dma.c...
compiling stm32g4xx_hal_pwr.c...
compiling stm32g4xx_hal_pwr_ex.c...
compiling stm32g4xx_hal_cortex.c...
compiling system_stm32g4xx.c...
compiling fun.c...
compiling stm32g4xx_hal_tim_ex.c...
../code/lcd.c(203): warning: passing 'char[21]' to parameter of type 'u8 *' (aka 'unsigned char *') converts between pointers to integer types where one is of the unique plain 'char' type and the other is not [-Wpointer-sign]
  203 |     LCD_DisplayStringLine(Line, "                    ");
      |                                 ^~~~~~~~~~~~~~~~~~~~~~
../code\lcd.h(187): note: passing argument to parameter 'ptr' here
  187 | void LCD_DisplayStringLine(u8 Line, u8 *ptr);
      |                                         ^
1 warning generated.
compiling lcd.c...
compiling stm32g4xx_hal_tim.c...
linking...
Program Size: Code=35850 RO-data=5510 RW-data=32 ZI-data=2392  
FromELF: creating hex file...
"16A1\16A1.axf" - 0 Error(s), 1 Warning(s).

<h2>Software Packages used:</h2>

Package Vendor: ARM
                https://www.keil.com/pack/ARM.CMSIS.6.3.0.pack
                ARM::CMSIS@6.3.0
                CMSIS (Common Microcontroller Software Interface Standard)
   * Component: CORE Version: 6.2.0

Package Vendor: Keil
                https://www.keil.com/pack/Keil.STM32G4xx_DFP.2.2.0.pack
                Keil::STM32G4xx_DFP@2.2.0
                STMicroelectronics STM32G4 Series Device Support

<h2>Collection of Component include folders:</h2>
  ./RTE/_16A1
  D:/lanqiao/ARM/CMSIS/6.3.0/CMSIS/Core/Include

<h2>Collection of Component Files used:</h2>

   * Component: ARM::CMSIS:CORE@6.2.0
      Include file:  CMSIS/Core/Include/tz_context.h
Build Time Elapsed:  00:00:03
</pre>
</body>
</html>
